Archive member included to satisfy reference by file (symbol)

C:/msys64/mingw64/bin/../lib/gcc/x86_64-w64-mingw32/10.2.0/../../../../x86_64-w64-mingw32/lib/../lib/libmingw32.a(lib64_libmingw32_a-gccmain.o)
                              C:/msys64/mingw64/bin/../lib/gcc/x86_64-w64-mingw32/10.2.0/../../../../x86_64-w64-mingw32/lib/../lib/crt2.o (__main)
C:/msys64/mingw64/bin/../lib/gcc/x86_64-w64-mingw32/10.2.0/../../../../x86_64-w64-mingw32/lib/../lib/libmingw32.a(lib64_libmingw32_a-natstart.o)
                              C:/msys64/mingw64/bin/../lib/gcc/x86_64-w64-mingw32/10.2.0/../../../../x86_64-w64-mingw32/lib/../lib/crt2.o (__native_startup_lock)
C:/msys64/mingw64/bin/../lib/gcc/x86_64-w64-mingw32/10.2.0/../../../../x86_64-w64-mingw32/lib/../lib/libmingw32.a(lib64_libmingw32_a-wildcard.o)
                              C:/msys64/mingw64/bin/../lib/gcc/x86_64-w64-mingw32/10.2.0/../../../../x86_64-w64-mingw32/lib/../lib/crt2.o (_dowildcard)
C:/msys64/mingw64/bin/../lib/gcc/x86_64-w64-mingw32/10.2.0/../../../../x86_64-w64-mingw32/lib/../lib/libmingw32.a(lib64_libmingw32_a-charmax.o)
                              C:/msys64/mingw64/bin/../lib/gcc/x86_64-w64-mingw32/10.2.0/../../../../x86_64-w64-mingw32/lib/../lib/crt2.o (mingw_initcharmax)
C:/msys64/mingw64/bin/../lib/gcc/x86_64-w64-mingw32/10.2.0/../../../../x86_64-w64-mingw32/lib/../lib/libmingw32.a(lib64_libmingw32_a-dllargv.o)
                              C:/msys64/mingw64/bin/../lib/gcc/x86_64-w64-mingw32/10.2.0/../../../../x86_64-w64-mingw32/lib/../lib/crt2.o (_setargv)
C:/msys64/mingw64/bin/../lib/gcc/x86_64-w64-mingw32/10.2.0/../../../../x86_64-w64-mingw32/lib/../lib/libmingw32.a(lib64_libmingw32_a-_newmode.o)
                              C:/msys64/mingw64/bin/../lib/gcc/x86_64-w64-mingw32/10.2.0/../../../../x86_64-w64-mingw32/lib/../lib/crt2.o (_newmode)
C:/msys64/mingw64/bin/../lib/gcc/x86_64-w64-mingw32/10.2.0/../../../../x86_64-w64-mingw32/lib/../lib/libmingw32.a(lib64_libmingw32_a-tlssup.o)
                              C:/msys64/mingw64/bin/../lib/gcc/x86_64-w64-mingw32/10.2.0/../../../../x86_64-w64-mingw32/lib/../lib/crt2.o (mingw_initltssuo_force)
C:/msys64/mingw64/bin/../lib/gcc/x86_64-w64-mingw32/10.2.0/../../../../x86_64-w64-mingw32/lib/../lib/libmingw32.a(lib64_libmingw32_a-xncommod.o)
                              C:/msys64/mingw64/bin/../lib/gcc/x86_64-w64-mingw32/10.2.0/../../../../x86_64-w64-mingw32/lib/../lib/crt2.o (_commode)
C:/msys64/mingw64/bin/../lib/gcc/x86_64-w64-mingw32/10.2.0/../../../../x86_64-w64-mingw32/lib/../lib/libmingw32.a(lib64_libmingw32_a-cinitexe.o)
                              C:/msys64/mingw64/bin/../lib/gcc/x86_64-w64-mingw32/10.2.0/../../../../x86_64-w64-mingw32/lib/../lib/crt2.o (__xc_z)
C:/msys64/mingw64/bin/../lib/gcc/x86_64-w64-mingw32/10.2.0/../../../../x86_64-w64-mingw32/lib/../lib/libmingw32.a(lib64_libmingw32_a-merr.o)
                              C:/msys64/mingw64/bin/../lib/gcc/x86_64-w64-mingw32/10.2.0/../../../../x86_64-w64-mingw32/lib/../lib/crt2.o (_matherr)
C:/msys64/mingw64/bin/../lib/gcc/x86_64-w64-mingw32/10.2.0/../../../../x86_64-w64-mingw32/lib/../lib/libmingw32.a(lib64_libmingw32_a-CRT_fp10.o)
                              C:/msys64/mingw64/bin/../lib/gcc/x86_64-w64-mingw32/10.2.0/../../../../x86_64-w64-mingw32/lib/../lib/crt2.o (_fpreset)
C:/msys64/mingw64/bin/../lib/gcc/x86_64-w64-mingw32/10.2.0/../../../../x86_64-w64-mingw32/lib/../lib/libmingw32.a(lib64_libmingw32_a-mingw_helpers.o)
                              C:/msys64/mingw64/bin/../lib/gcc/x86_64-w64-mingw32/10.2.0/../../../../x86_64-w64-mingw32/lib/../lib/crt2.o (mingw_app_type)
C:/msys64/mingw64/bin/../lib/gcc/x86_64-w64-mingw32/10.2.0/../../../../x86_64-w64-mingw32/lib/../lib/libmingw32.a(lib64_libmingw32_a-pseudo-reloc.o)
                              C:/msys64/mingw64/bin/../lib/gcc/x86_64-w64-mingw32/10.2.0/../../../../x86_64-w64-mingw32/lib/../lib/crt2.o (_pei386_runtime_relocator)
C:/msys64/mingw64/bin/../lib/gcc/x86_64-w64-mingw32/10.2.0/../../../../x86_64-w64-mingw32/lib/../lib/libmingw32.a(lib64_libmingw32_a-usermatherr.o)
                              C:/msys64/mingw64/bin/../lib/gcc/x86_64-w64-mingw32/10.2.0/../../../../x86_64-w64-mingw32/lib/../lib/crt2.o (__mingw_setusermatherr)
C:/msys64/mingw64/bin/../lib/gcc/x86_64-w64-mingw32/10.2.0/../../../../x86_64-w64-mingw32/lib/../lib/libmingw32.a(lib64_libmingw32_a-xtxtmode.o)
                              C:/msys64/mingw64/bin/../lib/gcc/x86_64-w64-mingw32/10.2.0/../../../../x86_64-w64-mingw32/lib/../lib/crt2.o (_fmode)
C:/msys64/mingw64/bin/../lib/gcc/x86_64-w64-mingw32/10.2.0/../../../../x86_64-w64-mingw32/lib/../lib/libmingw32.a(lib64_libmingw32_a-crt_handler.o)
                              C:/msys64/mingw64/bin/../lib/gcc/x86_64-w64-mingw32/10.2.0/../../../../x86_64-w64-mingw32/lib/../lib/crt2.o (_gnu_exception_handler)
[...]
Memory Configuration

Name             Origin             Length             Attributes
*default*        0x0000000000000000 0xffffffffffffffff

Linker script and memory map

                0x0000000000400000                __image_base__ = 0x400000
                0x0000000000000000                __dll__ = 0x0
                0x0000000000400000                __ImageBase = 0x400000
                0x0000000000001000                __section_alignment__ = 0x1000
                0x0000000000000200                __file_alignment__ = 0x200
                0x0000000000000004                __major_os_version__ = 0x4
                0x0000000000000000                __minor_os_version__ = 0x0
                0x0000000000000000                __major_image_version__ = 0x0
                0x0000000000000000                __minor_image_version__ = 0x0
                0x0000000000000005                __major_subsystem_version__ = 0x5
                0x0000000000000002                __minor_subsystem_version__ = 0x2
                0x0000000000000003                __subsystem__ = 0x3
                0x0000000000200000                __size_of_stack_reserve__ = 0x200000
                0x0000000000001000                __size_of_stack_commit__ = 0x1000
                0x0000000000100000                __size_of_heap_reserve__ = 0x100000
                0x0000000000001000                __size_of_heap_commit__ = 0x1000
                0x0000000000000000                __loader_flags__ = 0x0
                0x0000000000000000                __dll_characteristics__ = 0x0
LOAD C:/msys64/mingw64/bin/../lib/gcc/x86_64-w64-mingw32/10.2.0/../../../../x86_64-w64-mingw32/lib/../lib/crt2.o
LOAD C:/msys64/mingw64/bin/../lib/gcc/x86_64-w64-mingw32/10.2.0/crtbegin.o
LOAD build/course1.o
LOAD build/data.o
LOAD build/main.o
LOAD build/memory.o
LOAD build/stats.o
LOAD C:/msys64/mingw64/bin/../lib/gcc/x86_64-w64-mingw32/10.2.0/../../../../x86_64-w64-mingw32/lib/../lib/libm.a
LOAD C:/msys64/mingw64/bin/../lib/gcc/x86_64-w64-mingw32/10.2.0/../../../../x86_64-w64-mingw32/lib/../lib/libmingw32.a
LOAD C:/msys64/mingw64/bin/../lib/gcc/x86_64-w64-mingw32/10.2.0/libgcc.a
LOAD C:/msys64/mingw64/bin/../lib/gcc/x86_64-w64-mingw32/10.2.0/libgcc_eh.a
LOAD C:/msys64/mingw64/bin/../lib/gcc/x86_64-w64-mingw32/10.2.0/../../../../x86_64-w64-mingw32/lib/../lib/libmoldname.a
LOAD C:/msys64/mingw64/bin/../lib/gcc/x86_64-w64-mingw32/10.2.0/../../../../x86_64-w64-mingw32/lib/../lib/libmingwex.a
LOAD C:/msys64/mingw64/bin/../lib/gcc/x86_64-w64-mingw32/10.2.0/../../../../x86_64-w64-mingw32/lib/../lib/libmsvcrt.a
LOAD C:/msys64/mingw64/bin/../lib/gcc/x86_64-w64-mingw32/10.2.0/../../../../x86_64-w64-mingw32/lib/../lib/libkernel32.a
LOAD C:/msys64/mingw64/bin/../lib/gcc/x86_64-w64-mingw32/10.2.0/../../../../x86_64-w64-mingw32/lib/../lib/libpthread.dll.a
LOAD C:/msys64/mingw64/bin/../lib/gcc/x86_64-w64-mingw32/10.2.0/../../../../x86_64-w64-mingw32/lib/../lib/libadvapi32.a
LOAD C:/msys64/mingw64/bin/../lib/gcc/x86_64-w64-mingw32/10.2.0/../../../../x86_64-w64-mingw32/lib/../lib/libshell32.a
LOAD C:/msys64/mingw64/bin/../lib/gcc/x86_64-w64-mingw32/10.2.0/../../../../x86_64-w64-mingw32/lib/../lib/libuser32.a
LOAD C:/msys64/mingw64/bin/../lib/gcc/x86_64-w64-mingw32/10.2.0/../../../../x86_64-w64-mingw32/lib/../lib/libkernel32.a
LOAD C:/msys64/mingw64/bin/../lib/gcc/x86_64-w64-mingw32/10.2.0/../../../../x86_64-w64-mingw32/lib/../lib/libmingw32.a
LOAD C:/msys64/mingw64/bin/../lib/gcc/x86_64-w64-mingw32/10.2.0/libgcc.a
LOAD C:/msys64/mingw64/bin/../lib/gcc/x86_64-w64-mingw32/10.2.0/libgcc_eh.a
LOAD C:/msys64/mingw64/bin/../lib/gcc/x86_64-w64-mingw32/10.2.0/../../../../x86_64-w64-mingw32/lib/../lib/libmoldname.a
LOAD C:/msys64/mingw64/bin/../lib/gcc/x86_64-w64-mingw32/10.2.0/../../../../x86_64-w64-mingw32/lib/../lib/libmingwex.a
LOAD C:/msys64/mingw64/bin/../lib/gcc/x86_64-w64-mingw32/10.2.0/../../../../x86_64-w64-mingw32/lib/../lib/libmsvcrt.a
LOAD C:/msys64/mingw64/bin/../lib/gcc/x86_64-w64-mingw32/10.2.0/../../../../x86_64-w64-mingw32/lib/../lib/libkernel32.a
LOAD C:/msys64/mingw64/bin/../lib/gcc/x86_64-w64-mingw32/10.2.0/../../../../x86_64-w64-mingw32/lib/../lib/default-manifest.o
LOAD C:/msys64/mingw64/bin/../lib/gcc/x86_64-w64-mingw32/10.2.0/crtend.o
                0x0000000000000480                . = SIZEOF_HEADERS
                0x0000000000001000                . = ALIGN (__section_alignment__)

.text           0x0000000000401000     0x8e00
 *(SORT_NONE(.init))
 *(.text)
 .text          0x0000000000401000      0x520 C:/msys64/mingw64/bin/../lib/gcc/x86_64-w64-mingw32/10.2.0/../../../../x86_64-w64-mingw32/lib/../lib/crt2.o
                0x00000000004014c0                WinMainCRTStartup
                0x00000000004014e0                mainCRTStartup
                0x0000000000401500                atexit
 .text          0x0000000000401520       0x20 C:/msys64/mingw64/bin/../lib/gcc/x86_64-w64-mingw32/10.2.0/crtbegin.o
                0x0000000000401520                __gcc_register_frame
                0x0000000000401530                __gcc_deregister_frame
 .text          0x0000000000401540      0x860 build/course1.o
                0x0000000000401594                test_data1
                0x0000000000401626                test_data2
                0x00000000004016b8                test_memmove1
                0x00000000004017a9                test_memmove2
                0x000000000040189a                test_memmove3
                0x0000000000401990                test_memcopy
                0x0000000000401a81                test_memset
                0x0000000000401bac                test_reverse
                0x0000000000401cbe                course1
 .text          0x0000000000401da0      0x270 build/data.o
                0x0000000000401da0                my_itoa
                0x0000000000401f53                my_atoi
 .text          0x0000000000402010       0x20 build/main.o
                0x0000000000402010                main
 .text          0x0000000000402030      0x4b0 build/memory.o
                0x0000000000402030                set_value
                0x0000000000402054                clear_value
                0x000000000040207e                get_value
                0x0000000000402098                set_all
                0x00000000004020df                clear_all
                0x0000000000402109                my_memmove
                0x00000000004021f8                my_memcopy
                0x000000000040225b                my_memset
                0x00000000004022ad                my_memzero
                0x00000000004022f6                my_reverse
                0x00000000004023ec                reserve_words
                0x0000000000402467                free_words
 .text          0x00000000004024e0      0x2c0 build/stats.o
                0x0000000000402534                print_statistics
                0x00000000004025d4                print_array
                0x00000000004025e2                find_median
                0x0000000000402654                find_mean
                0x00000000004026ec                find_maximum
                0x0000000000402700                find_minimum
                0x000000000040271f                compare_unsigned_char
                0x000000000040276e                sort_array
 .text          0x00000000004027a0       0xd0 C:/msys64/mingw64/bin/../lib/gcc/x86_64-w64-mingw32/10.2.0/../../../../x86_64-w64-mingw32/lib/../lib/libmingw32.a(lib64_libmingw32_a-gccmain.o)
                0x00000000004027a0                __do_global_dtors
                0x00000000004027e0                __do_global_ctors
                0x0000000000402850                __main
 .text          0x0000000000402870        0x0 C:/msys64/mingw64/bin/../lib/gcc/x86_64-w64-mingw32/10.2.0/../../../../x86_64-w64-mingw32/lib/../lib/libmingw32.a(lib64_libmingw32_a-natstart.o)
 .text          0x0000000000402870        0x0 C:/msys64/mingw64/bin/../lib/gcc/x86_64-w64-mingw32/10.2.0/../../../../x86_64-w64-mingw32/lib/../lib/libmingw32.a(lib64_libmingw32_a-wildcard.o)
 .text          0x0000000000402870       0x10 C:/msys64/mingw64/bin/../lib/gcc/x86_64-w64-mingw32/10.2.0/../../../../x86_64-w64-mingw32/lib/../lib/libmingw32.a(lib64_libmingw32_a-charmax.o)
 .text          0x0000000000402880       0x10 C:/msys64/mingw64/bin/../lib/gcc/x86_64-w64-mingw32/10.2.0/../../../../x86_64-w64-mingw32/lib/../lib/libmingw32.a(lib64_libmingw32_a-dllargv.o)
                0x0000000000402880                _setargv
 .text          0x0000000000402890        0x0 C:/msys64/mingw64/bin/../lib/gcc/x86_64-w64-mingw32/10.2.0/../../../../x86_64-w64-mingw32/lib/../lib/libmingw32.a(lib64_libmingw32_a-_newmode.o)
 .text          0x0000000000402890       0xd0 C:/msys64/mingw64/bin/../lib/gcc/x86_64-w64-mingw32/10.2.0/../../../../x86_64-w64-mingw32/lib/../lib/libmingw32.a(lib64_libmingw32_a-tlssup.o)
                0x00000000004028c0                __dyn_tls_init
                0x0000000000402950                __tlregdtor
 .text          0x0000000000402960        0x0 C:/msys64/mingw64/bin/../lib/gcc/x86_64-w64-mingw32/10.2.0/../../../../x86_64-w64-mingw32/lib/../lib/libmingw32.a(lib64_libmingw32_a-xncommod.o)
 .text          0x0000000000402960        0x0 C:/msys64/mingw64/bin/../lib/gcc/x86_64-w64-mingw32/10.2.0/../../../../x86_64-w64-mingw32/lib/../lib/libmingw32.a(lib64_libmingw32_a-cinitexe.o)
 .text          0x0000000000402960      0x100 C:/msys64/mingw64/bin/../lib/gcc/x86_64-w64-mingw32/10.2.0/../../../../x86_64-w64-mingw32/lib/../lib/libmingw32.a(lib64_libmingw32_a-merr.o)
                0x0000000000402960                _matherr
 .text          0x0000000000402a60       0x10 C:/msys64/mingw64/bin/../lib/gcc/x86_64-w64-mingw32/10.2.0/../../../../x86_64-w64-mingw32/lib/../lib/libmingw32.a(lib64_libmingw32_a-CRT_fp10.o)
                0x0000000000402a60                fpreset
                0x0000000000402a60                _fpreset
 .text          0x0000000000402a70        0x0 C:/msys64/mingw64/bin/../lib/gcc/x86_64-w64-mingw32/10.2.0/../../../../x86_64-w64-mingw32/lib/../lib/libmingw32.a(lib64_libmingw32_a-mingw_helpers.o)
 .text          0x0000000000402a70      0x470 C:/msys64/mingw64/bin/../lib/gcc/x86_64-w64-mingw32/10.2.0/../../../../x86_64-w64-mingw32/lib/../lib/libmingw32.a(lib64_libmingw32_a-pseudo-reloc.o)
                0x0000000000402c50                _pei386_runtime_relocator
 .text          0x0000000000402ee0       0x60 C:/msys64/mingw64/bin/../lib/gcc/x86_64-w64-mingw32/10.2.0/../../../../x86_64-w64-mingw32/lib/../lib/libmingw32.a(lib64_libmingw32_a-usermatherr.o)
                0x0000000000402ee0                __mingw_raise_matherr
                0x0000000000402f30                __mingw_setusermatherr
 .text          0x0000000000402f40        0x0 C:/msys64/mingw64/bin/../lib/gcc/x86_64-w64-mingw32/10.2.0/../../../../x86_64-w64-mingw32/lib/../lib/libmingw32.a(lib64_libmingw32_a-xtxtmode.o)
 .text          0x0000000000402f40      0x1c0 C:/msys64/mingw64/bin/../lib/gcc/x86_64-w64-mingw32/10.2.0/../../../../x86_64-w64-mingw32/lib/../lib/libmingw32.a(lib64_libmingw32_a-crt_handler.o)
                0x0000000000402f40                _gnu_exception_handler
 .text          0x0000000000403100      0x270 C:/msys64/mingw64/bin/../lib/gcc/x86_64-w64-mingw32/10.2.0/../../../../x86_64-w64-mingw32/lib/../lib/libmingw32.a(lib64_libmingw32_a-tlsthrd.o)
                0x0000000000403170                ___w64_mingwthr_add_key_dtor
                0x00000000004031f0                ___w64_mingwthr_remove_key_dtor
                0x0000000000403280                __mingw_TLScallback
 .text          0x0000000000403370        0x0 C:/msys64/mingw64/bin/../lib/gcc/x86_64-w64-mingw32/10.2.0/../../../../x86_64-w64-mingw32/lib/../lib/libmingw32.a(lib64_libmingw32_a-tlsmcrt.o)
 .text          0x0000000000403370        0x0 C:/msys64/mingw64/bin/../lib/gcc/x86_64-w64-mingw32/10.2.0/../../../../x86_64-w64-mingw32/lib/../lib/libmingw32.a(lib64_libmingw32_a-pseudo-reloc-list.o)
 .text          0x0000000000403370      0x3e0 C:/msys64/mingw64/bin/../lib/gcc/x86_64-w64-mingw32/10.2.0/../../../../x86_64-w64-mingw32/lib/../lib/libmingw32.a(lib64_libmingw32_a-pesect.o)
                0x0000000000403370                _ValidateImageBase
                0x00000000004033a0                _FindPESection
                0x00000000004033f0                _FindPESectionByName
                0x0000000000403490                __mingw_GetSectionForAddress
                0x0000000000403510                __mingw_GetSectionCount
                0x0000000000403550                _FindPESectionExec
                0x00000000004035c0                _GetPEImageBase
                0x0000000000403600                _IsNonwritableInCurrentImage
                0x0000000000403690                __mingw_enum_import_library_names
 .text          0x0000000000403750       0x40 C:/msys64/mingw64/bin/../lib/gcc/x86_64-w64-mingw32/10.2.0/libgcc.a(_chkstk_ms.o)
                0x0000000000403750                ___chkstk_ms
 .text          0x0000000000403790        0x0 C:/msys64/mingw64/bin/../lib/gcc/x86_64-w64-mingw32/10.2.0/libgcc.a(_ctors.o)
 .text          0x0000000000403790        0x0 C:/msys64/mingw64/bin/../lib/gcc/x86_64-w64-mingw32/10.2.0/../../../../x86_64-w64-mingw32/lib/../lib/libmingwex.a(lib64_libmingwex_a-mingw_matherr.o)
 .text          0x0000000000403790       0x50 C:/msys64/mingw64/bin/../lib/gcc/x86_64-w64-mingw32/10.2.0/../../../../x86_64-w64-mingw32/lib/../lib/libmingwex.a(lib64_libmingwex_a-mingw_vfprintf.o)
                0x0000000000403790                __mingw_vfprintf
 .text          0x00000000004037e0      0x1b0 C:/msys64/mingw64/bin/../lib/gcc/x86_64-w64-mingw32/10.2.0/../../../../x86_64-w64-mingw32/lib/../lib/libmingwex.a(lib64_libmingwex_a-floor.o)
                0x00000000004037e0                floor
 .text          0x0000000000403990      0x120 C:/msys64/mingw64/bin/../lib/gcc/x86_64-w64-mingw32/10.2.0/../../../../x86_64-w64-mingw32/lib/../lib/libmingwex.a(lib64_libmingwex_a-log.o)
                0x0000000000403990                log
 .text          0x0000000000403ab0      0x710 C:/msys64/mingw64/bin/../lib/gcc/x86_64-w64-mingw32/10.2.0/../../../../x86_64-w64-mingw32/lib/../lib/libmingwex.a(lib64_libmingwex_a-pow.o)
                0x0000000000403b50                pow
 .text          0x00000000004041c0      0x2a0 C:/msys64/mingw64/bin/../lib/gcc/x86_64-w64-mingw32/10.2.0/../../../../x86_64-w64-mingw32/lib/../lib/libmingwex.a(lib64_libmingwex_a-powi.o)
                0x00000000004041c0                __powi
 .text          0x0000000000404460     0x25f0 C:/msys64/mingw64/bin/../lib/gcc/x86_64-w64-mingw32/10.2.0/../../../../x86_64-w64-mingw32/lib/../lib/libmingwex.a(lib64_libmingwex_a-mingw_pformat.o)
                0x00000000004060a0                __mingw_pformat
 .text          0x0000000000406a50       0x70 C:/msys64/mingw64/bin/../lib/gcc/x86_64-w64-mingw32/10.2.0/../../../../x86_64-w64-mingw32/lib/../lib/libmingwex.a(lib64_libmingwex_a-exp2l.o)
                0x0000000000406a50                exp2l
 .text          0x0000000000406ac0       0x60 C:/msys64/mingw64/bin/../lib/gcc/x86_64-w64-mingw32/10.2.0/../../../../x86_64-w64-mingw32/lib/../lib/libmingwex.a(lib64_libmingwex_a-internal_logl.o)
                0x0000000000406ad0                __logl_internal
 .text          0x0000000000406b20       0xe0 C:/msys64/mingw64/bin/../lib/gcc/x86_64-w64-mingw32/10.2.0/../../../../x86_64-w64-mingw32/lib/../lib/libmingwex.a(lib64_libmingwex_a-ldexp.o)
                0x0000000000406b20                ldexp
 .text          0x0000000000406c00       0x70 C:/msys64/mingw64/bin/../lib/gcc/x86_64-w64-mingw32/10.2.0/../../../../x86_64-w64-mingw32/lib/../lib/libmingwex.a(lib64_libmingwex_a-log2l.o)
                0x0000000000406c10                log2l
 .text          0x0000000000406c70      0x260 C:/msys64/mingw64/bin/../lib/gcc/x86_64-w64-mingw32/10.2.0/../../../../x86_64-w64-mingw32/lib/../lib/libmingwex.a(lib64_libmingwex_a-dmisc.o)
                0x0000000000406c70                __rv_alloc_D2A
                0x0000000000406cb0                __nrv_alloc_D2A
                0x0000000000406d30                __freedtoa
                0x0000000000406d50                __quorem_D2A
 .text          0x0000000000406ed0     0x16c0 C:/msys64/mingw64/bin/../lib/gcc/x86_64-w64-mingw32/10.2.0/../../../../x86_64-w64-mingw32/lib/../lib/libmingwex.a(lib64_libmingwex_a-gdtoa.o)
                0x0000000000406ed0                __gdtoa
 .text          0x0000000000408590      0x150 C:/msys64/mingw64/bin/../lib/gcc/x86_64-w64-mingw32/10.2.0/../../../../x86_64-w64-mingw32/lib/../lib/libmingwex.a(lib64_libmingwex_a-gmisc.o)
                0x0000000000408590                __rshift_D2A
                0x0000000000408690                __trailz_D2A
 .text          0x00000000004086e0      0xd00 C:/msys64/mingw64/bin/../lib/gcc/x86_64-w64-mingw32/10.2.0/../../../../x86_64-w64-mingw32/lib/../lib/libmingwex.a(lib64_libmingwex_a-misc.o)
                0x0000000000408810                __Balloc_D2A
                0x0000000000408910                __Bfree_D2A
                0x0000000000408980                __multadd_D2A
                0x0000000000408a30                __i2b_D2A
                0x0000000000408af0                __mult_D2A
                0x0000000000408c50                __pow5mult_D2A
                0x0000000000408e50                __lshift_D2A
                0x0000000000408f60                __cmp_D2A
                0x0000000000408fb0                __diff_D2A
                0x0000000000409180                __b2d_D2A
                0x00000000004092a0                __d2b_D2A
                0x00000000004093b0                __strcp_D2A
 .text          0x00000000004093e0       0x30 C:/msys64/mingw64/bin/../lib/gcc/x86_64-w64-mingw32/10.2.0/../../../../x86_64-w64-mingw32/lib/../lib/libmingwex.a(lib64_libmingwex_a-strnlen.o)
                0x00000000004093e0                strnlen
 .text          0x0000000000409410       0x30 C:/msys64/mingw64/bin/../lib/gcc/x86_64-w64-mingw32/10.2.0/../../../../x86_64-w64-mingw32/lib/../lib/libmingwex.a(lib64_libmingwex_a-wcsnlen.o)
                0x0000000000409410                wcsnlen
 .text          0x0000000000409440        0x8 C:/msys64/mingw64/bin/../lib/gcc/x86_64-w64-mingw32/10.2.0/../../../../x86_64-w64-mingw32/lib/../lib/libmsvcrt.a(dkpis01283.o)
                0x0000000000409440                wcslen
 .text          0x0000000000409448        0x8 C:/msys64/mingw64/bin/../lib/gcc/x86_64-w64-mingw32/10.2.0/../../../../x86_64-w64-mingw32/lib/../lib/libmsvcrt.a(dkpis01258.o)
                0x0000000000409448                vfprintf
 .text          0x0000000000409450        0x8 C:/msys64/mingw64/bin/../lib/gcc/x86_64-w64-mingw32/10.2.0/../../../../x86_64-w64-mingw32/lib/../lib/libmsvcrt.a(dkpis01222.o)
                0x0000000000409450                strncmp
 .text          0x0000000000409458        0x8 C:/msys64/mingw64/bin/../lib/gcc/x86_64-w64-mingw32/10.2.0/../../../../x86_64-w64-mingw32/lib/../lib/libmsvcrt.a(dkpis01219.o)
                0x0000000000409458                strlen
 .text          0x0000000000409460        0x8 C:/msys64/mingw64/bin/../lib/gcc/x86_64-w64-mingw32/10.2.0/../../../../x86_64-w64-mingw32/lib/../lib/libmsvcrt.a(dkpis01217.o)
                0x0000000000409460                strerror
 .text          0x0000000000409468        0x8 C:/msys64/mingw64/bin/../lib/gcc/x86_64-w64-mingw32/10.2.0/../../../../x86_64-w64-mingw32/lib/../lib/libmsvcrt.a(dkpis01196.o)
                0x0000000000409468                signal
 .text          0x0000000000409470        0x8 C:/msys64/mingw64/bin/../lib/gcc/x86_64-w64-mingw32/10.2.0/../../../../x86_64-w64-mingw32/lib/../lib/libmsvcrt.a(dkpis01183.o)
                0x0000000000409470                qsort
 .text          0x0000000000409478        0x8 C:/msys64/mingw64/bin/../lib/gcc/x86_64-w64-mingw32/10.2.0/../../../../x86_64-w64-mingw32/lib/../lib/libmsvcrt.a(dkpis01166.o)
                0x0000000000409478                memset
 .text          0x0000000000409480        0x8 C:/msys64/mingw64/bin/../lib/gcc/x86_64-w64-mingw32/10.2.0/../../../../x86_64-w64-mingw32/lib/../lib/libmsvcrt.a(dkpis01164.o)
                0x0000000000409480                memcpy
 .text          0x0000000000409488        0x8 C:/msys64/mingw64/bin/../lib/gcc/x86_64-w64-mingw32/10.2.0/../../../../x86_64-w64-mingw32/lib/../lib/libmsvcrt.a(dkpis01156.o)
                0x0000000000409488                malloc
 .text          0x0000000000409490        0x8 C:/msys64/mingw64/bin/../lib/gcc/x86_64-w64-mingw32/10.2.0/../../../../x86_64-w64-mingw32/lib/../lib/libmsvcrt.a(dkpis01149.o)
                0x0000000000409490                localeconv
 .text          0x0000000000409498        0x8 C:/msys64/mingw64/bin/../lib/gcc/x86_64-w64-mingw32/10.2.0/../../../../x86_64-w64-mingw32/lib/../lib/libmsvcrt.a(dkpis01109.o)
                0x0000000000409498                fwrite
 .text          0x00000000004094a0        0x8 C:/msys64/mingw64/bin/../lib/gcc/x86_64-w64-mingw32/10.2.0/../../../../x86_64-w64-mingw32/lib/../lib/libmsvcrt.a(dkpis01097.o)
                0x00000000004094a0                free
 .text          0x00000000004094a8        0x8 C:/msys64/mingw64/bin/../lib/gcc/x86_64-w64-mingw32/10.2.0/../../../../x86_64-w64-mingw32/lib/../lib/libmsvcrt.a(dkpis01092.o)
                0x00000000004094a8                fputc
 .text          0x00000000004094b0        0x8 C:/msys64/mingw64/bin/../lib/gcc/x86_64-w64-mingw32/10.2.0/../../../../x86_64-w64-mingw32/lib/../lib/libmsvcrt.a(dkpis01090.o)
                0x00000000004094b0                fprintf
 .text          0x00000000004094b8        0x8 C:/msys64/mingw64/bin/../lib/gcc/x86_64-w64-mingw32/10.2.0/../../../../x86_64-w64-mingw32/lib/../lib/libmsvcrt.a(dkpis01068.o)
                0x00000000004094b8                exit
 .text          0x00000000004094c0        0x8 C:/msys64/mingw64/bin/../lib/gcc/x86_64-w64-mingw32/10.2.0/../../../../x86_64-w64-mingw32/lib/../lib/libmsvcrt.a(dkpis01054.o)
                0x00000000004094c0                calloc
 .text          0x00000000004094c8        0x8 C:/msys64/mingw64/bin/../lib/gcc/x86_64-w64-mingw32/10.2.0/../../../../x86_64-w64-mingw32/lib/../lib/libmsvcrt.a(dkpis01037.o)
                0x00000000004094c8                abort
 .text          0x00000000004094d0        0x8 C:/msys64/mingw64/bin/../lib/gcc/x86_64-w64-mingw32/10.2.0/../../../../x86_64-w64-mingw32/lib/../lib/libmsvcrt.a(dkpis00615.o)
                0x00000000004094d0                _onexit
 .text          0x00000000004094d8        0x8 C:/msys64/mingw64/bin/../lib/gcc/x86_64-w64-mingw32/10.2.0/../../../../x86_64-w64-mingw32/lib/../lib/libmsvcrt.a(dkpis00332.o)
                0x00000000004094d8                _initterm
 .text          0x00000000004094e0        0x8 C:/msys64/mingw64/bin/../lib/gcc/x86_64-w64-mingw32/10.2.0/../../../../x86_64-w64-mingw32/lib/../lib/libmsvcrt.a(dkpis00204.o)
                0x00000000004094e0                _errno
 .text          0x00000000004094e8        0x8 C:/msys64/mingw64/bin/../lib/gcc/x86_64-w64-mingw32/10.2.0/../../../../x86_64-w64-mingw32/lib/../lib/libmsvcrt.a(dkpis00141.o)
                0x00000000004094e8                _cexit
 .text          0x00000000004094f0        0x8 C:/msys64/mingw64/bin/../lib/gcc/x86_64-w64-mingw32/10.2.0/../../../../x86_64-w64-mingw32/lib/../lib/libmsvcrt.a(dkpis00123.o)
                0x00000000004094f0                _amsg_exit
 .text          0x00000000004094f8        0x8 C:/msys64/mingw64/bin/../lib/gcc/x86_64-w64-mingw32/10.2.0/../../../../x86_64-w64-mingw32/lib/../lib/libmsvcrt.a(dkpis00099.o)
                0x00000000004094f8                __setusermatherr
 .text          0x0000000000409500        0x8 C:/msys64/mingw64/bin/../lib/gcc/x86_64-w64-mingw32/10.2.0/../../../../x86_64-w64-mingw32/lib/../lib/libmsvcrt.a(dkpis00097.o)
                0x0000000000409500                __set_app_type
 .text          0x0000000000409508        0x8 C:/msys64/mingw64/bin/../lib/gcc/x86_64-w64-mingw32/10.2.0/../../../../x86_64-w64-mingw32/lib/../lib/libmsvcrt.a(dkpis00091.o)
                0x0000000000409508                __lconv_init
 .text          0x0000000000409510        0x0 C:/msys64/mingw64/bin/../lib/gcc/x86_64-w64-mingw32/10.2.0/../../../../x86_64-w64-mingw32/lib/../lib/libmsvcrt.a(dkpis00082.o)
 .text          0x0000000000409510        0x8 C:/msys64/mingw64/bin/../lib/gcc/x86_64-w64-mingw32/10.2.0/../../../../x86_64-w64-mingw32/lib/../lib/libmsvcrt.a(dkpis00081.o)
                0x0000000000409510                __getmainargs
 .text          0x0000000000409518        0x8 C:/msys64/mingw64/bin/../lib/gcc/x86_64-w64-mingw32/10.2.0/../../../../x86_64-w64-mingw32/lib/../lib/libmsvcrt.a(dkpis00055.o)
                0x0000000000409518                __C_specific_handler
 .text          0x0000000000409520      0x360 C:/msys64/mingw64/bin/../lib/gcc/x86_64-w64-mingw32/10.2.0/../../../../x86_64-w64-mingw32/lib/../lib/libmsvcrt.a(lib64_libmsvcrt_os_a-mbrtowc.o)
                0x00000000004096a0                mbrtowc
                0x0000000000409710                mbsrtowcs
                0x0000000000409820                mbrlen
 .text          0x0000000000409880      0x1e0 C:/msys64/mingw64/bin/../lib/gcc/x86_64-w64-mingw32/10.2.0/../../../../x86_64-w64-mingw32/lib/../lib/libmsvcrt.a(lib64_libmsvcrt_os_a-wcrtomb.o)
                0x0000000000409910                wcrtomb
                0x0000000000409960                wcsrtombs
 .text          0x0000000000409a60       0x20 C:/msys64/mingw64/bin/../lib/gcc/x86_64-w64-mingw32/10.2.0/../../../../x86_64-w64-mingw32/lib/../lib/libmsvcrt.a(lib64_libmsvcrt_os_a-acrt_iob_func.o)
                0x0000000000409a60                __acrt_iob_func
 .text          0x0000000000409a80       0x20 C:/msys64/mingw64/bin/../lib/gcc/x86_64-w64-mingw32/10.2.0/../../../../x86_64-w64-mingw32/lib/../lib/libmsvcrt.a(lib64_libmsvcrt_os_a-invalid_parameter_handler.o)
                0x0000000000409a80                _get_invalid_parameter_handler
                0x0000000000409a90                _set_invalid_parameter_handler
 .text          0x0000000000409aa0       0xd0 C:/msys64/mingw64/bin/../lib/gcc/x86_64-w64-mingw32/10.2.0/../../../../x86_64-w64-mingw32/lib/../lib/libmsvcrt.a(lib64_libmsvcrt_os_a-mingw_lock.o)
                0x0000000000409aa0                _lock_file
                0x0000000000409b10                _unlock_file
 .text          0x0000000000409b70       0x10 C:/msys64/mingw64/bin/../lib/gcc/x86_64-w64-mingw32/10.2.0/../../../../x86_64-w64-mingw32/lib/../lib/libmsvcrt.a(lib64_libmsvcrt_os_a-__p__acmdln.o)
                0x0000000000409b70                __p__acmdln
 .text          0x0000000000409b80       0x10 C:/msys64/mingw64/bin/../lib/gcc/x86_64-w64-mingw32/10.2.0/../../../../x86_64-w64-mingw32/lib/../lib/libmsvcrt.a(lib64_libmsvcrt_os_a-__p__commode.o)
                0x0000000000409b80                __p__commode
 .text          0x0000000000409b90       0x10 C:/msys64/mingw64/bin/../lib/gcc/x86_64-w64-mingw32/10.2.0/../../../../x86_64-w64-mingw32/lib/../lib/libmsvcrt.a(lib64_libmsvcrt_os_a-__p__fmode.o)
                0x0000000000409b90                __p__fmode
 .text          0x0000000000409ba0        0x0 C:/msys64/mingw64/bin/../lib/gcc/x86_64-w64-mingw32/10.2.0/../../../../x86_64-w64-mingw32/lib/../lib/libmsvcrt.a(dkpih.o)
 .text          0x0000000000409ba0        0x8 C:/msys64/mingw64/bin/../lib/gcc/x86_64-w64-mingw32/10.2.0/../../../../x86_64-w64-mingw32/lib/../lib/libmsvcrt.a(dkpis00821.o)
                0x0000000000409ba0                _unlock
 .text          0x0000000000409ba8        0x8 C:/msys64/mingw64/bin/../lib/gcc/x86_64-w64-mingw32/10.2.0/../../../../x86_64-w64-mingw32/lib/../lib/libmsvcrt.a(dkpis00443.o)
                0x0000000000409ba8                _lock
 .text          0x0000000000409bb0        0x0 C:/msys64/mingw64/bin/../lib/gcc/x86_64-w64-mingw32/10.2.0/../../../../x86_64-w64-mingw32/lib/../lib/libmsvcrt.a(dkpis00116.o)
 .text          0x0000000000409bb0        0x8 C:/msys64/mingw64/bin/../lib/gcc/x86_64-w64-mingw32/10.2.0/../../../../x86_64-w64-mingw32/lib/../lib/libmsvcrt.a(dkpis00083.o)
                0x0000000000409bb0                __iob_func
 .text          0x0000000000409bb8        0x8 C:/msys64/mingw64/bin/../lib/gcc/x86_64-w64-mingw32/10.2.0/../../../../x86_64-w64-mingw32/lib/../lib/libmsvcrt.a(dkpis00066.o)
                0x0000000000409bb8                ___mb_cur_max_func
 .text          0x0000000000409bc0        0x8 C:/msys64/mingw64/bin/../lib/gcc/x86_64-w64-mingw32/10.2.0/../../../../x86_64-w64-mingw32/lib/../lib/libmsvcrt.a(dkpis00063.o)
                0x0000000000409bc0                ___lc_codepage_func
 *fill*         0x0000000000409bc8        0x8 
 .text          0x0000000000409bd0        0x0 C:/msys64/mingw64/bin/../lib/gcc/x86_64-w64-mingw32/10.2.0/../../../../x86_64-w64-mingw32/lib/../lib/libmsvcrt.a(dkpit.o)
 .text          0x0000000000409bd0        0x8 C:/msys64/mingw64/bin/../lib/gcc/x86_64-w64-mingw32/10.2.0/../../../../x86_64-w64-mingw32/lib/../lib/libkernel32.a(dgnis01546.o)
                0x0000000000409bd0                WideCharToMultiByte
 .text          0x0000000000409bd8        0x8 C:/msys64/mingw64/bin/../lib/gcc/x86_64-w64-mingw32/10.2.0/../../../../x86_64-w64-mingw32/lib/../lib/libkernel32.a(dgnis01493.o)
                0x0000000000409bd8                VirtualQuery
 .text          0x0000000000409be0        0x8 C:/msys64/mingw64/bin/../lib/gcc/x86_64-w64-mingw32/10.2.0/../../../../x86_64-w64-mingw32/lib/../lib/libkernel32.a(dgnis01491.o)
                0x0000000000409be0                VirtualProtect
 .text          0x0000000000409be8        0x8 C:/msys64/mingw64/bin/../lib/gcc/x86_64-w64-mingw32/10.2.0/../../../../x86_64-w64-mingw32/lib/../lib/libkernel32.a(dgnis01444.o)
                0x0000000000409be8                TlsGetValue
 .text          0x0000000000409bf0        0x8 C:/msys64/mingw64/bin/../lib/gcc/x86_64-w64-mingw32/10.2.0/../../../../x86_64-w64-mingw32/lib/../lib/libkernel32.a(dgnis01409.o)
                0x0000000000409bf0                Sleep
 .text          0x0000000000409bf8        0x8 C:/msys64/mingw64/bin/../lib/gcc/x86_64-w64-mingw32/10.2.0/../../../../x86_64-w64-mingw32/lib/../lib/libkernel32.a(dgnis01393.o)
                0x0000000000409bf8                SetUnhandledExceptionFilter
 .text          0x0000000000409c00        0x8 C:/msys64/mingw64/bin/../lib/gcc/x86_64-w64-mingw32/10.2.0/../../../../x86_64-w64-mingw32/lib/../lib/libkernel32.a(dgnis01035.o)
                0x0000000000409c00                MultiByteToWideChar
 .text          0x0000000000409c08        0x8 C:/msys64/mingw64/bin/../lib/gcc/x86_64-w64-mingw32/10.2.0/../../../../x86_64-w64-mingw32/lib/../lib/libkernel32.a(dgnis00983.o)
                0x0000000000409c08                LeaveCriticalSection
 .text          0x0000000000409c10        0x8 C:/msys64/mingw64/bin/../lib/gcc/x86_64-w64-mingw32/10.2.0/../../../../x86_64-w64-mingw32/lib/../lib/libkernel32.a(dgnis00918.o)
                0x0000000000409c10                IsDBCSLeadByteEx
 .text          0x0000000000409c18        0x8 C:/msys64/mingw64/bin/../lib/gcc/x86_64-w64-mingw32/10.2.0/../../../../x86_64-w64-mingw32/lib/../lib/libkernel32.a(dgnis00891.o)
                0x0000000000409c18                InitializeCriticalSection
 .text          0x0000000000409c20        0x8 C:/msys64/mingw64/bin/../lib/gcc/x86_64-w64-mingw32/10.2.0/../../../../x86_64-w64-mingw32/lib/../lib/libkernel32.a(dgnis00742.o)
                0x0000000000409c20                GetStartupInfoA
 .text          0x0000000000409c28        0x8 C:/msys64/mingw64/bin/../lib/gcc/x86_64-w64-mingw32/10.2.0/../../../../x86_64-w64-mingw32/lib/../lib/libkernel32.a(dgnis00629.o)
                0x0000000000409c28                GetLastError
 .text          0x0000000000409c30        0x8 C:/msys64/mingw64/bin/../lib/gcc/x86_64-w64-mingw32/10.2.0/../../../../x86_64-w64-mingw32/lib/../lib/libkernel32.a(dgnis00318.o)
                0x0000000000409c30                EnterCriticalSection
 .text          0x0000000000409c38        0x8 C:/msys64/mingw64/bin/../lib/gcc/x86_64-w64-mingw32/10.2.0/../../../../x86_64-w64-mingw32/lib/../lib/libkernel32.a(dgnis00282.o)
                0x0000000000409c38                DeleteCriticalSection
 .text          0x0000000000409c40        0x0 C:/msys64/mingw64/bin/../lib/gcc/x86_64-w64-mingw32/10.2.0/../../../../x86_64-w64-mingw32/lib/../lib/libkernel32.a(dgnih.o)
 .text          0x0000000000409c40        0x0 C:/msys64/mingw64/bin/../lib/gcc/x86_64-w64-mingw32/10.2.0/../../../../x86_64-w64-mingw32/lib/../lib/libkernel32.a(dgnit.o)
 .text          0x0000000000409c40        0x0 C:/msys64/mingw64/bin/../lib/gcc/x86_64-w64-mingw32/10.2.0/../../../../x86_64-w64-mingw32/lib/../lib/libmsvcrt.a(dkpis00254.o)
 .text          0x0000000000409c40        0x0 C:/msys64/mingw64/bin/../lib/gcc/x86_64-w64-mingw32/10.2.0/../../../../x86_64-w64-mingw32/lib/../lib/libmsvcrt.a(dkpis00157.o)
 .text          0x0000000000409c40        0x0 C:/msys64/mingw64/bin/../lib/gcc/x86_64-w64-mingw32/10.2.0/crtend.o
 *(SORT_BY_NAME(.text$*))
 *(.text.*)
 .text.startup  0x0000000000409c40       0x10 C:/msys64/mingw64/bin/../lib/gcc/x86_64-w64-mingw32/10.2.0/crtend.o
 *(.gnu.linkonce.t.*)
 *(.glue_7t)
 *(.glue_7)
                0x0000000000409c50                . = ALIGN (0x8)
                0x0000000000409c50                ___CTOR_LIST__ = .
                0x0000000000409c50                __CTOR_LIST__ = .
                0x0000000000409c50        0x4 LONG 0xffffffffffffffff
                0x0000000000409c54        0x4 LONG 0xffffffffffffffff
 *(.ctors)
 *(.ctor)
 *(SORT_BY_NAME(.ctors.*))
 .ctors.65535   0x0000000000409c58        0x8 C:/msys64/mingw64/bin/../lib/gcc/x86_64-w64-mingw32/10.2.0/crtend.o
                0x0000000000409c60        0x4 LONG 0x0
                0x0000000000409c64        0x4 LONG 0x0
                0x0000000000409c68                ___DTOR_LIST__ = .
                0x0000000000409c68                __DTOR_LIST__ = .
                0x0000000000409c68        0x4 LONG 0xffffffffffffffff
                0x0000000000409c6c        0x4 LONG 0xffffffffffffffff
 *(.dtors)
 *(.dtor)
 *(SORT_BY_NAME(.dtors.*))
                0x0000000000409c70        0x4 LONG 0x0
                0x0000000000409c74        0x4 LONG 0x0
 *(SORT_NONE(.fini))
 *(.gcc_exc)
                [!provide]                        PROVIDE (etext = .)
 *(.gcc_except_table)

.data           0x000000000040a000      0x200
                0x000000000040a000                __data_start__ = .
 *(.data)
 .data          0x000000000040a000       0x10 C:/msys64/mingw64/bin/../lib/gcc/x86_64-w64-mingw32/10.2.0/../../../../x86_64-w64-mingw32/lib/../lib/crt2.o
                0x000000000040a000                __mingw_winmain_nShowCmd
 .data          0x000000000040a010        0x0 C:/msys64/mingw64/bin/../lib/gcc/x86_64-w64-mingw32/10.2.0/crtbegin.o
 .data          0x000000000040a010        0x0 build/course1.o
 .data          0x000000000040a010        0x0 build/data.o
 .data          0x000000000040a010        0x0 build/main.o
 .data          0x000000000040a010       0x10 build/memory.o
                0x000000000040a010                m_ptStackBg
                0x000000000040a018                m_ptStackEd
 .data          0x000000000040a020        0x0 build/stats.o
 .data          0x000000000040a020       0x10 C:/msys64/mingw64/bin/../lib/gcc/x86_64-w64-mingw32/10.2.0/../../../../x86_64-w64-mingw32/lib/../lib/libmingw32.a(lib64_libmingw32_a-gccmain.o)
 .data          0x000000000040a030       0x10 C:/msys64/mingw64/bin/../lib/gcc/x86_64-w64-mingw32/10.2.0/../../../../x86_64-w64-mingw32/lib/../lib/libmingw32.a(lib64_libmingw32_a-natstart.o)
                0x000000000040a030                __native_vcclrit_reason
                0x000000000040a034                __native_dllmain_reason
 .data          0x000000000040a040       0x10 C:/msys64/mingw64/bin/../lib/gcc/x86_64-w64-mingw32/10.2.0/../../../../x86_64-w64-mingw32/lib/../lib/libmingw32.a(lib64_libmingw32_a-wildcard.o)
                0x000000000040a040                _dowildcard
 .data          0x000000000040a050       0x10 C:/msys64/mingw64/bin/../lib/gcc/x86_64-w64-mingw32/10.2.0/../../../../x86_64-w64-mingw32/lib/../lib/libmingw32.a(lib64_libmingw32_a-charmax.o)
                0x000000000040a050                _charmax
 .data          0x000000000040a060        0x0 C:/msys64/mingw64/bin/../lib/gcc/x86_64-w64-mingw32/10.2.0/../../../../x86_64-w64-mingw32/lib/../lib/libmingw32.a(lib64_libmingw32_a-dllargv.o)
 .data          0x000000000040a060        0x0 C:/msys64/mingw64/bin/../lib/gcc/x86_64-w64-mingw32/10.2.0/../../../../x86_64-w64-mingw32/lib/../lib/libmingw32.a(lib64_libmingw32_a-_newmode.o)
 .data          0x000000000040a060        0x0 C:/msys64/mingw64/bin/../lib/gcc/x86_64-w64-mingw32/10.2.0/../../../../x86_64-w64-mingw32/lib/../lib/libmingw32.a(lib64_libmingw32_a-tlssup.o)
 .data          0x000000000040a060        0x0 C:/msys64/mingw64/bin/../lib/gcc/x86_64-w64-mingw32/10.2.0/../../../../x86_64-w64-mingw32/lib/../lib/libmingw32.a(lib64_libmingw32_a-xncommod.o)
 .data          0x000000000040a060        0x0 C:/msys64/mingw64/bin/../lib/gcc/x86_64-w64-mingw32/10.2.0/../../../../x86_64-w64-mingw32/lib/../lib/libmingw32.a(lib64_libmingw32_a-cinitexe.o)
 .data          0x000000000040a060        0x0 C:/msys64/mingw64/bin/../lib/gcc/x86_64-w64-mingw32/10.2.0/../../../../x86_64-w64-mingw32/lib/../lib/libmingw32.a(lib64_libmingw32_a-merr.o)
 .data          0x000000000040a060        0x0 C:/msys64/mingw64/bin/../lib/gcc/x86_64-w64-mingw32/10.2.0/../../../../x86_64-w64-mingw32/lib/../lib/libmingw32.a(lib64_libmingw32_a-CRT_fp10.o)
 .data          0x000000000040a060        0x0 C:/msys64/mingw64/bin/../lib/gcc/x86_64-w64-mingw32/10.2.0/../../../../x86_64-w64-mingw32/lib/../lib/libmingw32.a(lib64_libmingw32_a-mingw_helpers.o)
 .data          0x000000000040a060        0x0 C:/msys64/mingw64/bin/../lib/gcc/x86_64-w64-mingw32/10.2.0/../../../../x86_64-w64-mingw32/lib/../lib/libmingw32.a(lib64_libmingw32_a-pseudo-reloc.o)
 .data          0x000000000040a060        0x0 C:/msys64/mingw64/bin/../lib/gcc/x86_64-w64-mingw32/10.2.0/../../../../x86_64-w64-mingw32/lib/../lib/libmingw32.a(lib64_libmingw32_a-usermatherr.o)
 .data          0x000000000040a060        0x0 C:/msys64/mingw64/bin/../lib/gcc/x86_64-w64-mingw32/10.2.0/../../../../x86_64-w64-mingw32/lib/../lib/libmingw32.a(lib64_libmingw32_a-xtxtmode.o)
 .data          0x000000000040a060        0x0 C:/msys64/mingw64/bin/../lib/gcc/x86_64-w64-mingw32/10.2.0/../../../../x86_64-w64-mingw32/lib/../lib/libmingw32.a(lib64_libmingw32_a-crt_handler.o)
 .data          0x000000000040a060        0x0 C:/msys64/mingw64/bin/../lib/gcc/x86_64-w64-mingw32/10.2.0/../../../../x86_64-w64-mingw32/lib/../lib/libmingw32.a(lib64_libmingw32_a-tlsthrd.o)
 .data          0x000000000040a060       0x10 C:/msys64/mingw64/bin/../lib/gcc/x86_64-w64-mingw32/10.2.0/../../../../x86_64-w64-mingw32/lib/../lib/libmingw32.a(lib64_libmingw32_a-tlsmcrt.o)
                0x000000000040a060                _CRT_MT
 .data          0x000000000040a070        0x0 C:/msys64/mingw64/bin/../lib/gcc/x86_64-w64-mingw32/10.2.0/../../../../x86_64-w64-mingw32/lib/../lib/libmingw32.a(lib64_libmingw32_a-pseudo-reloc-list.o)
 .data          0x000000000040a070        0x0 C:/msys64/mingw64/bin/../lib/gcc/x86_64-w64-mingw32/10.2.0/../../../../x86_64-w64-mingw32/lib/../lib/libmingw32.a(lib64_libmingw32_a-pesect.o)
 .data          0x000000000040a070        0x0 C:/msys64/mingw64/bin/../lib/gcc/x86_64-w64-mingw32/10.2.0/libgcc.a(_chkstk_ms.o)
 .data          0x000000000040a070        0x0 C:/msys64/mingw64/bin/../lib/gcc/x86_64-w64-mingw32/10.2.0/libgcc.a(_ctors.o)
 .data          0x000000000040a070       0x10 C:/msys64/mingw64/bin/../lib/gcc/x86_64-w64-mingw32/10.2.0/../../../../x86_64-w64-mingw32/lib/../lib/libmingwex.a(lib64_libmingwex_a-mingw_matherr.o)
                0x000000000040a070                _MINGW_INSTALL_DEBUG_MATHERR
 .data          0x000000000040a080        0x0 C:/msys64/mingw64/bin/../lib/gcc/x86_64-w64-mingw32/10.2.0/../../../../x86_64-w64-mingw32/lib/../lib/libmingwex.a(lib64_libmingwex_a-mingw_vfprintf.o)
 .data          0x000000000040a080        0x0 C:/msys64/mingw64/bin/../lib/gcc/x86_64-w64-mingw32/10.2.0/../../../../x86_64-w64-mingw32/lib/../lib/libmingwex.a(lib64_libmingwex_a-floor.o)
 .data          0x000000000040a080        0x0 C:/msys64/mingw64/bin/../lib/gcc/x86_64-w64-mingw32/10.2.0/../../../../x86_64-w64-mingw32/lib/../lib/libmingwex.a(lib64_libmingwex_a-log.o)
 .data          0x000000000040a080        0x0 C:/msys64/mingw64/bin/../lib/gcc/x86_64-w64-mingw32/10.2.0/../../../../x86_64-w64-mingw32/lib/../lib/libmingwex.a(lib64_libmingwex_a-pow.o)
 .data          0x000000000040a080        0x0 C:/msys64/mingw64/bin/../lib/gcc/x86_64-w64-mingw32/10.2.0/../../../../x86_64-w64-mingw32/lib/../lib/libmingwex.a(lib64_libmingwex_a-powi.o)
 .data          0x000000000040a080       0x20 C:/msys64/mingw64/bin/../lib/gcc/x86_64-w64-mingw32/10.2.0/../../../../x86_64-w64-mingw32/lib/../lib/libmingwex.a(lib64_libmingwex_a-mingw_pformat.o)
 .data          0x000000000040a0a0        0x0 C:/msys64/mingw64/bin/../lib/gcc/x86_64-w64-mingw32/10.2.0/../../../../x86_64-w64-mingw32/lib/../lib/libmingwex.a(lib64_libmingwex_a-exp2l.o)
 .data          0x000000000040a0a0        0x0 C:/msys64/mingw64/bin/../lib/gcc/x86_64-w64-mingw32/10.2.0/../../../../x86_64-w64-mingw32/lib/../lib/libmingwex.a(lib64_libmingwex_a-internal_logl.o)
 .data          0x000000000040a0a0        0x0 C:/msys64/mingw64/bin/../lib/gcc/x86_64-w64-mingw32/10.2.0/../../../../x86_64-w64-mingw32/lib/../lib/libmingwex.a(lib64_libmingwex_a-ldexp.o)
 .data          0x000000000040a0a0        0x0 C:/msys64/mingw64/bin/../lib/gcc/x86_64-w64-mingw32/10.2.0/../../../../x86_64-w64-mingw32/lib/../lib/libmingwex.a(lib64_libmingwex_a-log2l.o)
 .data          0x000000000040a0a0        0x0 C:/msys64/mingw64/bin/../lib/gcc/x86_64-w64-mingw32/10.2.0/../../../../x86_64-w64-mingw32/lib/../lib/libmingwex.a(lib64_libmingwex_a-dmisc.o)
 .data          0x000000000040a0a0        0x0 C:/msys64/mingw64/bin/../lib/gcc/x86_64-w64-mingw32/10.2.0/../../../../x86_64-w64-mingw32/lib/../lib/libmingwex.a(lib64_libmingwex_a-gdtoa.o)
 .data          0x000000000040a0a0        0x0 C:/msys64/mingw64/bin/../lib/gcc/x86_64-w64-mingw32/10.2.0/../../../../x86_64-w64-mingw32/lib/../lib/libmingwex.a(lib64_libmingwex_a-gmisc.o)
 .data          0x000000000040a0a0       0x10 C:/msys64/mingw64/bin/../lib/gcc/x86_64-w64-mingw32/10.2.0/../../../../x86_64-w64-mingw32/lib/../lib/libmingwex.a(lib64_libmingwex_a-misc.o)
 .data          0x000000000040a0b0        0x0 C:/msys64/mingw64/bin/../lib/gcc/x86_64-w64-mingw32/10.2.0/../../../../x86_64-w64-mingw32/lib/../lib/libmingwex.a(lib64_libmingwex_a-strnlen.o)
 .data          0x000000000040a0b0        0x0 C:/msys64/mingw64/bin/../lib/gcc/x86_64-w64-mingw32/10.2.0/../../../../x86_64-w64-mingw32/lib/../lib/libmingwex.a(lib64_libmingwex_a-wcsnlen.o)
 .data          0x000000000040a0b0        0x0 C:/msys64/mingw64/bin/../lib/gcc/x86_64-w64-mingw32/10.2.0/../../../../x86_64-w64-mingw32/lib/../lib/libmsvcrt.a(dkpis01283.o)
 .data          0x000000000040a0b0        0x0 C:/msys64/mingw64/bin/../lib/gcc/x86_64-w64-mingw32/10.2.0/../../../../x86_64-w64-mingw32/lib/../lib/libmsvcrt.a(dkpis01258.o)
 .data          0x000000000040a0b0        0x0 C:/msys64/mingw64/bin/../lib/gcc/x86_64-w64-mingw32/10.2.0/../../../../x86_64-w64-mingw32/lib/../lib/libmsvcrt.a(dkpis01222.o)
 .data          0x000000000040a0b0        0x0 C:/msys64/mingw64/bin/../lib/gcc/x86_64-w64-mingw32/10.2.0/../../../../x86_64-w64-mingw32/lib/../lib/libmsvcrt.a(dkpis01219.o)
 .data          0x000000000040a0b0        0x0 C:/msys64/mingw64/bin/../lib/gcc/x86_64-w64-mingw32/10.2.0/../../../../x86_64-w64-mingw32/lib/../lib/libmsvcrt.a(dkpis01217.o)
 .data          0x000000000040a0b0        0x0 C:/msys64/mingw64/bin/../lib/gcc/x86_64-w64-mingw32/10.2.0/../../../../x86_64-w64-mingw32/lib/../lib/libmsvcrt.a(dkpis01196.o)
 .data          0x000000000040a0b0        0x0 C:/msys64/mingw64/bin/../lib/gcc/x86_64-w64-mingw32/10.2.0/../../../../x86_64-w64-mingw32/lib/../lib/libmsvcrt.a(dkpis01183.o)
 .data          0x000000000040a0b0        0x0 C:/msys64/mingw64/bin/../lib/gcc/x86_64-w64-mingw32/10.2.0/../../../../x86_64-w64-mingw32/lib/../lib/libmsvcrt.a(dkpis01166.o)
 .data          0x000000000040a0b0        0x0 C:/msys64/mingw64/bin/../lib/gcc/x86_64-w64-mingw32/10.2.0/../../../../x86_64-w64-mingw32/lib/../lib/libmsvcrt.a(dkpis01164.o)
 .data          0x000000000040a0b0        0x0 C:/msys64/mingw64/bin/../lib/gcc/x86_64-w64-mingw32/10.2.0/../../../../x86_64-w64-mingw32/lib/../lib/libmsvcrt.a(dkpis01156.o)
 .data          0x000000000040a0b0        0x0 C:/msys64/mingw64/bin/../lib/gcc/x86_64-w64-mingw32/10.2.0/../../../../x86_64-w64-mingw32/lib/../lib/libmsvcrt.a(dkpis01149.o)
 .data          0x000000000040a0b0        0x0 C:/msys64/mingw64/bin/../lib/gcc/x86_64-w64-mingw32/10.2.0/../../../../x86_64-w64-mingw32/lib/../lib/libmsvcrt.a(dkpis01109.o)
 .data          0x000000000040a0b0        0x0 C:/msys64/mingw64/bin/../lib/gcc/x86_64-w64-mingw32/10.2.0/../../../../x86_64-w64-mingw32/lib/../lib/libmsvcrt.a(dkpis01097.o)
 .data          0x000000000040a0b0        0x0 C:/msys64/mingw64/bin/../lib/gcc/x86_64-w64-mingw32/10.2.0/../../../../x86_64-w64-mingw32/lib/../lib/libmsvcrt.a(dkpis01092.o)
 .data          0x000000000040a0b0        0x0 C:/msys64/mingw64/bin/../lib/gcc/x86_64-w64-mingw32/10.2.0/../../../../x86_64-w64-mingw32/lib/../lib/libmsvcrt.a(dkpis01090.o)
 .data          0x000000000040a0b0        0x0 C:/msys64/mingw64/bin/../lib/gcc/x86_64-w64-mingw32/10.2.0/../../../../x86_64-w64-mingw32/lib/../lib/libmsvcrt.a(dkpis01068.o)
 .data          0x000000000040a0b0        0x0 C:/msys64/mingw64/bin/../lib/gcc/x86_64-w64-mingw32/10.2.0/../../../../x86_64-w64-mingw32/lib/../lib/libmsvcrt.a(dkpis01054.o)
 .data          0x000000000040a0b0        0x0 C:/msys64/mingw64/bin/../lib/gcc/x86_64-w64-mingw32/10.2.0/../../../../x86_64-w64-mingw32/lib/../lib/libmsvcrt.a(dkpis01037.o)
 .data          0x000000000040a0b0        0x0 C:/msys64/mingw64/bin/../lib/gcc/x86_64-w64-mingw32/10.2.0/../../../../x86_64-w64-mingw32/lib/../lib/libmsvcrt.a(dkpis00615.o)
 .data          0x000000000040a0b0        0x0 C:/msys64/mingw64/bin/../lib/gcc/x86_64-w64-mingw32/10.2.0/../../../../x86_64-w64-mingw32/lib/../lib/libmsvcrt.a(dkpis00332.o)
 .data          0x000000000040a0b0        0x0 C:/msys64/mingw64/bin/../lib/gcc/x86_64-w64-mingw32/10.2.0/../../../../x86_64-w64-mingw32/lib/../lib/libmsvcrt.a(dkpis00204.o)
 .data          0x000000000040a0b0        0x0 C:/msys64/mingw64/bin/../lib/gcc/x86_64-w64-mingw32/10.2.0/../../../../x86_64-w64-mingw32/lib/../lib/libmsvcrt.a(dkpis00141.o)
 .data          0x000000000040a0b0        0x0 C:/msys64/mingw64/bin/../lib/gcc/x86_64-w64-mingw32/10.2.0/../../../../x86_64-w64-mingw32/lib/../lib/libmsvcrt.a(dkpis00123.o)
 .data          0x000000000040a0b0        0x0 C:/msys64/mingw64/bin/../lib/gcc/x86_64-w64-mingw32/10.2.0/../../../../x86_64-w64-mingw32/lib/../lib/libmsvcrt.a(dkpis00099.o)
 .data          0x000000000040a0b0        0x0 C:/msys64/mingw64/bin/../lib/gcc/x86_64-w64-mingw32/10.2.0/../../../../x86_64-w64-mingw32/lib/../lib/libmsvcrt.a(dkpis00097.o)
 .data          0x000000000040a0b0        0x0 C:/msys64/mingw64/bin/../lib/gcc/x86_64-w64-mingw32/10.2.0/../../../../x86_64-w64-mingw32/lib/../lib/libmsvcrt.a(dkpis00091.o)
 .data          0x000000000040a0b0        0x0 C:/msys64/mingw64/bin/../lib/gcc/x86_64-w64-mingw32/10.2.0/../../../../x86_64-w64-mingw32/lib/../lib/libmsvcrt.a(dkpis00082.o)
 .data          0x000000000040a0b0        0x0 C:/msys64/mingw64/bin/../lib/gcc/x86_64-w64-mingw32/10.2.0/../../../../x86_64-w64-mingw32/lib/../lib/libmsvcrt.a(dkpis00081.o)
 .data          0x000000000040a0b0        0x0 C:/msys64/mingw64/bin/../lib/gcc/x86_64-w64-mingw32/10.2.0/../../../../x86_64-w64-mingw32/lib/../lib/libmsvcrt.a(dkpis00055.o)
 .data          0x000000000040a0b0        0x0 C:/msys64/mingw64/bin/../lib/gcc/x86_64-w64-mingw32/10.2.0/../../../../x86_64-w64-mingw32/lib/../lib/libmsvcrt.a(lib64_libmsvcrt_os_a-mbrtowc.o)
 .data          0x000000000040a0b0        0x0 C:/msys64/mingw64/bin/../lib/gcc/x86_64-w64-mingw32/10.2.0/../../../../x86_64-w64-mingw32/lib/../lib/libmsvcrt.a(lib64_libmsvcrt_os_a-wcrtomb.o)
 .data          0x000000000040a0b0       0x10 C:/msys64/mingw64/bin/../lib/gcc/x86_64-w64-mingw32/10.2.0/../../../../x86_64-w64-mingw32/lib/../lib/libmsvcrt.a(lib64_libmsvcrt_os_a-acrt_iob_func.o)
                0x000000000040a0b0                __imp___acrt_iob_func
 .data          0x000000000040a0c0       0x10 C:/msys64/mingw64/bin/../lib/gcc/x86_64-w64-mingw32/10.2.0/../../../../x86_64-w64-mingw32/lib/../lib/libmsvcrt.a(lib64_libmsvcrt_os_a-invalid_parameter_handler.o)
                0x000000000040a0c0                __imp__get_invalid_parameter_handler
                0x000000000040a0c8                __imp__set_invalid_parameter_handler
 .data          0x000000000040a0d0       0x10 C:/msys64/mingw64/bin/../lib/gcc/x86_64-w64-mingw32/10.2.0/../../../../x86_64-w64-mingw32/lib/../lib/libmsvcrt.a(lib64_libmsvcrt_os_a-mingw_lock.o)
                0x000000000040a0d0                __imp__unlock_file
                0x000000000040a0d8                __imp__lock_file
 .data          0x000000000040a0e0       0x10 C:/msys64/mingw64/bin/../lib/gcc/x86_64-w64-mingw32/10.2.0/../../../../x86_64-w64-mingw32/lib/../lib/libmsvcrt.a(lib64_libmsvcrt_os_a-__p__acmdln.o)
                0x000000000040a0e0                __imp___p__acmdln
 .data          0x000000000040a0f0       0x10 C:/msys64/mingw64/bin/../lib/gcc/x86_64-w64-mingw32/10.2.0/../../../../x86_64-w64-mingw32/lib/../lib/libmsvcrt.a(lib64_libmsvcrt_os_a-__p__commode.o)
                0x000000000040a0f0                __imp___p__commode
 .data          0x000000000040a100       0x10 C:/msys64/mingw64/bin/../lib/gcc/x86_64-w64-mingw32/10.2.0/../../../../x86_64-w64-mingw32/lib/../lib/libmsvcrt.a(lib64_libmsvcrt_os_a-__p__fmode.o)
                0x000000000040a100                __imp___p__fmode
 .data          0x000000000040a110        0x0 C:/msys64/mingw64/bin/../lib/gcc/x86_64-w64-mingw32/10.2.0/../../../../x86_64-w64-mingw32/lib/../lib/libmsvcrt.a(dkpih.o)
 .data          0x000000000040a110        0x0 C:/msys64/mingw64/bin/../lib/gcc/x86_64-w64-mingw32/10.2.0/../../../../x86_64-w64-mingw32/lib/../lib/libmsvcrt.a(dkpis00821.o)
 .data          0x000000000040a110        0x0 C:/msys64/mingw64/bin/../lib/gcc/x86_64-w64-mingw32/10.2.0/../../../../x86_64-w64-mingw32/lib/../lib/libmsvcrt.a(dkpis00443.o)
 .data          0x000000000040a110        0x0 C:/msys64/mingw64/bin/../lib/gcc/x86_64-w64-mingw32/10.2.0/../../../../x86_64-w64-mingw32/lib/../lib/libmsvcrt.a(dkpis00116.o)
 .data          0x000000000040a110        0x0 C:/msys64/mingw64/bin/../lib/gcc/x86_64-w64-mingw32/10.2.0/../../../../x86_64-w64-mingw32/lib/../lib/libmsvcrt.a(dkpis00083.o)
 .data          0x000000000040a110        0x0 C:/msys64/mingw64/bin/../lib/gcc/x86_64-w64-mingw32/10.2.0/../../../../x86_64-w64-mingw32/lib/../lib/libmsvcrt.a(dkpis00066.o)
 .data          0x000000000040a110        0x0 C:/msys64/mingw64/bin/../lib/gcc/x86_64-w64-mingw32/10.2.0/../../../../x86_64-w64-mingw32/lib/../lib/libmsvcrt.a(dkpis00063.o)
 .data          0x000000000040a110        0x0 C:/msys64/mingw64/bin/../lib/gcc/x86_64-w64-mingw32/10.2.0/../../../../x86_64-w64-mingw32/lib/../lib/libmsvcrt.a(dkpit.o)
 .data          0x000000000040a110        0x0 C:/msys64/mingw64/bin/../lib/gcc/x86_64-w64-mingw32/10.2.0/../../../../x86_64-w64-mingw32/lib/../lib/libkernel32.a(dgnis01546.o)
 .data          0x000000000040a110        0x0 C:/msys64/mingw64/bin/../lib/gcc/x86_64-w64-mingw32/10.2.0/../../../../x86_64-w64-mingw32/lib/../lib/libkernel32.a(dgnis01493.o)
 .data          0x000000000040a110        0x0 C:/msys64/mingw64/bin/../lib/gcc/x86_64-w64-mingw32/10.2.0/../../../../x86_64-w64-mingw32/lib/../lib/libkernel32.a(dgnis01491.o)
 .data          0x000000000040a110        0x0 C:/msys64/mingw64/bin/../lib/gcc/x86_64-w64-mingw32/10.2.0/../../../../x86_64-w64-mingw32/lib/../lib/libkernel32.a(dgnis01444.o)
 .data          0x000000000040a110        0x0 C:/msys64/mingw64/bin/../lib/gcc/x86_64-w64-mingw32/10.2.0/../../../../x86_64-w64-mingw32/lib/../lib/libkernel32.a(dgnis01409.o)
 .data          0x000000000040a110        0x0 C:/msys64/mingw64/bin/../lib/gcc/x86_64-w64-mingw32/10.2.0/../../../../x86_64-w64-mingw32/lib/../lib/libkernel32.a(dgnis01393.o)
 .data          0x000000000040a110        0x0 C:/msys64/mingw64/bin/../lib/gcc/x86_64-w64-mingw32/10.2.0/../../../../x86_64-w64-mingw32/lib/../lib/libkernel32.a(dgnis01035.o)
 .data          0x000000000040a110        0x0 C:/msys64/mingw64/bin/../lib/gcc/x86_64-w64-mingw32/10.2.0/../../../../x86_64-w64-mingw32/lib/../lib/libkernel32.a(dgnis00983.o)
 .data          0x000000000040a110        0x0 C:/msys64/mingw64/bin/../lib/gcc/x86_64-w64-mingw32/10.2.0/../../../../x86_64-w64-mingw32/lib/../lib/libkernel32.a(dgnis00918.o)
 .data          0x000000000040a110        0x0 C:/msys64/mingw64/bin/../lib/gcc/x86_64-w64-mingw32/10.2.0/../../../../x86_64-w64-mingw32/lib/../lib/libkernel32.a(dgnis00891.o)
 .data          0x000000000040a110        0x0 C:/msys64/mingw64/bin/../lib/gcc/x86_64-w64-mingw32/10.2.0/../../../../x86_64-w64-mingw32/lib/../lib/libkernel32.a(dgnis00742.o)
 .data          0x000000000040a110        0x0 C:/msys64/mingw64/bin/../lib/gcc/x86_64-w64-mingw32/10.2.0/../../../../x86_64-w64-mingw32/lib/../lib/libkernel32.a(dgnis00629.o)
 .data          0x000000000040a110        0x0 C:/msys64/mingw64/bin/../lib/gcc/x86_64-w64-mingw32/10.2.0/../../../../x86_64-w64-mingw32/lib/../lib/libkernel32.a(dgnis00318.o)
 .data          0x000000000040a110        0x0 C:/msys64/mingw64/bin/../lib/gcc/x86_64-w64-mingw32/10.2.0/../../../../x86_64-w64-mingw32/lib/../lib/libkernel32.a(dgnis00282.o)
 .data          0x000000000040a110        0x0 C:/msys64/mingw64/bin/../lib/gcc/x86_64-w64-mingw32/10.2.0/../../../../x86_64-w64-mingw32/lib/../lib/libkernel32.a(dgnih.o)
 .data          0x000000000040a110        0x0 C:/msys64/mingw64/bin/../lib/gcc/x86_64-w64-mingw32/10.2.0/../../../../x86_64-w64-mingw32/lib/../lib/libkernel32.a(dgnit.o)
 .data          0x000000000040a110        0x0 C:/msys64/mingw64/bin/../lib/gcc/x86_64-w64-mingw32/10.2.0/../../../../x86_64-w64-mingw32/lib/../lib/libmsvcrt.a(dkpis00254.o)
 .data          0x000000000040a110        0x0 C:/msys64/mingw64/bin/../lib/gcc/x86_64-w64-mingw32/10.2.0/../../../../x86_64-w64-mingw32/lib/../lib/libmsvcrt.a(dkpis00157.o)
 .data          0x000000000040a110        0x0 C:/msys64/mingw64/bin/../lib/gcc/x86_64-w64-mingw32/10.2.0/crtend.o
 *(.data2)
 *(SORT_BY_NAME(.data$*))
 *(.jcr)
                0x000000000040a110                __data_end__ = .
 *(.data_cygwin_nocopy)

.rdata          0x000000000040b000     0x1600
 *(.rdata)
 .rdata         0x000000000040b000      0x140 build/course1.o
 .rdata         0x000000000040b140       0x30 build/stats.o
 *fill*         0x000000000040b170       0x10 
 .rdata         0x000000000040b180       0x60 C:/msys64/mingw64/bin/../lib/gcc/x86_64-w64-mingw32/10.2.0/../../../../x86_64-w64-mingw32/lib/../lib/libmingw32.a(lib64_libmingw32_a-tlssup.o)
                0x000000000040b180                __dyn_tls_init_callback
                0x000000000040b1a0                _tls_used
 .rdata         0x000000000040b1e0      0x140 C:/msys64/mingw64/bin/../lib/gcc/x86_64-w64-mingw32/10.2.0/../../../../x86_64-w64-mingw32/lib/../lib/libmingw32.a(lib64_libmingw32_a-merr.o)
 .rdata         0x000000000040b320      0x110 C:/msys64/mingw64/bin/../lib/gcc/x86_64-w64-mingw32/10.2.0/../../../../x86_64-w64-mingw32/lib/../lib/libmingw32.a(lib64_libmingw32_a-pseudo-reloc.o)
 .rdata         0x000000000040b430       0x30 C:/msys64/mingw64/bin/../lib/gcc/x86_64-w64-mingw32/10.2.0/../../../../x86_64-w64-mingw32/lib/../lib/libmingw32.a(lib64_libmingw32_a-crt_handler.o)
 .rdata         0x000000000040b460       0x10 C:/msys64/mingw64/bin/../lib/gcc/x86_64-w64-mingw32/10.2.0/../../../../x86_64-w64-mingw32/lib/../lib/libmingwex.a(lib64_libmingwex_a-floor.o)
 .rdata         0x000000000040b470       0x20 C:/msys64/mingw64/bin/../lib/gcc/x86_64-w64-mingw32/10.2.0/../../../../x86_64-w64-mingw32/lib/../lib/libmingwex.a(lib64_libmingwex_a-log.o)
 .rdata         0x000000000040b490       0x80 C:/msys64/mingw64/bin/../lib/gcc/x86_64-w64-mingw32/10.2.0/../../../../x86_64-w64-mingw32/lib/../lib/libmingwex.a(lib64_libmingwex_a-pow.o)
 .rdata         0x000000000040b510       0x60 C:/msys64/mingw64/bin/../lib/gcc/x86_64-w64-mingw32/10.2.0/../../../../x86_64-w64-mingw32/lib/../lib/libmingwex.a(lib64_libmingwex_a-powi.o)
 .rdata         0x000000000040b570      0x190 C:/msys64/mingw64/bin/../lib/gcc/x86_64-w64-mingw32/10.2.0/../../../../x86_64-w64-mingw32/lib/../lib/libmingwex.a(lib64_libmingwex_a-mingw_pformat.o)
 .rdata         0x000000000040b700       0x90 C:/msys64/mingw64/bin/../lib/gcc/x86_64-w64-mingw32/10.2.0/../../../../x86_64-w64-mingw32/lib/../lib/libmingwex.a(lib64_libmingwex_a-gdtoa.o)
 *fill*         0x000000000040b790       0x10 
 .rdata         0x000000000040b7a0      0x160 C:/msys64/mingw64/bin/../lib/gcc/x86_64-w64-mingw32/10.2.0/../../../../x86_64-w64-mingw32/lib/../lib/libmingwex.a(lib64_libmingwex_a-misc.o)
                0x000000000040b7c0                __tens_D2A
                0x000000000040b880                __tinytens_D2A
                0x000000000040b8c0                __bigtens_D2A
 *(SORT_BY_NAME(.rdata$*))
 .rdata$.refptr._CRT_MT
                0x000000000040b900       0x10 C:/msys64/mingw64/bin/../lib/gcc/x86_64-w64-mingw32/10.2.0/../../../../x86_64-w64-mingw32/lib/../lib/libmingw32.a(lib64_libmingw32_a-tlssup.o)
                0x000000000040b900                .refptr._CRT_MT
 .rdata$.refptr._MINGW_INSTALL_DEBUG_MATHERR
                0x000000000040b910       0x10 C:/msys64/mingw64/bin/../lib/gcc/x86_64-w64-mingw32/10.2.0/../../../../x86_64-w64-mingw32/lib/../lib/crt2.o
                0x000000000040b910                .refptr._MINGW_INSTALL_DEBUG_MATHERR
 .rdata$.refptr.__CTOR_LIST__
                0x000000000040b920       0x10 C:/msys64/mingw64/bin/../lib/gcc/x86_64-w64-mingw32/10.2.0/../../../../x86_64-w64-mingw32/lib/../lib/libmingw32.a(lib64_libmingw32_a-gccmain.o)
                0x000000000040b920                .refptr.__CTOR_LIST__
 .rdata$.refptr.__RUNTIME_PSEUDO_RELOC_LIST_END__
                0x000000000040b930       0x10 C:/msys64/mingw64/bin/../lib/gcc/x86_64-w64-mingw32/10.2.0/../../../../x86_64-w64-mingw32/lib/../lib/libmingw32.a(lib64_libmingw32_a-pseudo-reloc.o)
                0x000000000040b930                .refptr.__RUNTIME_PSEUDO_RELOC_LIST_END__
 .rdata$.refptr.__RUNTIME_PSEUDO_RELOC_LIST__
                0x000000000040b940       0x10 C:/msys64/mingw64/bin/../lib/gcc/x86_64-w64-mingw32/10.2.0/../../../../x86_64-w64-mingw32/lib/../lib/libmingw32.a(lib64_libmingw32_a-pseudo-reloc.o)
                0x000000000040b940                .refptr.__RUNTIME_PSEUDO_RELOC_LIST__
 .rdata$.refptr.__dyn_tls_init_callback
                0x000000000040b950       0x10 C:/msys64/mingw64/bin/../lib/gcc/x86_64-w64-mingw32/10.2.0/../../../../x86_64-w64-mingw32/lib/../lib/crt2.o
                0x000000000040b950                .refptr.__dyn_tls_init_callback
 .rdata$.refptr.__image_base__
                0x000000000040b960       0x10 C:/msys64/mingw64/bin/../lib/gcc/x86_64-w64-mingw32/10.2.0/../../../../x86_64-w64-mingw32/lib/../lib/crt2.o
                0x000000000040b960                .refptr.__image_base__
 .rdata$.refptr.__imp___initenv
                0x000000000040b970       0x10 C:/msys64/mingw64/bin/../lib/gcc/x86_64-w64-mingw32/10.2.0/../../../../x86_64-w64-mingw32/lib/../lib/crt2.o
                0x000000000040b970                .refptr.__imp___initenv
 .rdata$.refptr.__imp__acmdln
                0x000000000040b980       0x10 C:/msys64/mingw64/bin/../lib/gcc/x86_64-w64-mingw32/10.2.0/../../../../x86_64-w64-mingw32/lib/../lib/libmsvcrt.a(lib64_libmsvcrt_os_a-__p__acmdln.o)
                0x000000000040b980                .refptr.__imp__acmdln
 .rdata$.refptr.__imp__commode
                0x000000000040b990       0x10 C:/msys64/mingw64/bin/../lib/gcc/x86_64-w64-mingw32/10.2.0/../../../../x86_64-w64-mingw32/lib/../lib/libmsvcrt.a(lib64_libmsvcrt_os_a-__p__commode.o)
                0x000000000040b990                .refptr.__imp__commode
 .rdata$.refptr.__imp__fmode
                0x000000000040b9a0       0x10 C:/msys64/mingw64/bin/../lib/gcc/x86_64-w64-mingw32/10.2.0/../../../../x86_64-w64-mingw32/lib/../lib/libmsvcrt.a(lib64_libmsvcrt_os_a-__p__fmode.o)
                0x000000000040b9a0                .refptr.__imp__fmode
 .rdata$.refptr.__mingw_oldexcpt_handler
                0x000000000040b9b0       0x10 C:/msys64/mingw64/bin/../lib/gcc/x86_64-w64-mingw32/10.2.0/../../../../x86_64-w64-mingw32/lib/../lib/crt2.o
                0x000000000040b9b0                .refptr.__mingw_oldexcpt_handler
 .rdata$.refptr.__native_startup_lock
                0x000000000040b9c0       0x10 C:/msys64/mingw64/bin/../lib/gcc/x86_64-w64-mingw32/10.2.0/../../../../x86_64-w64-mingw32/lib/../lib/crt2.o
                0x000000000040b9c0                .refptr.__native_startup_lock
 .rdata$.refptr.__native_startup_state
                0x000000000040b9d0       0x10 C:/msys64/mingw64/bin/../lib/gcc/x86_64-w64-mingw32/10.2.0/../../../../x86_64-w64-mingw32/lib/../lib/crt2.o
                0x000000000040b9d0                .refptr.__native_startup_state
 .rdata$.refptr.__tens_D2A
                0x000000000040b9e0       0x10 C:/msys64/mingw64/bin/../lib/gcc/x86_64-w64-mingw32/10.2.0/../../../../x86_64-w64-mingw32/lib/../lib/libmingwex.a(lib64_libmingwex_a-gdtoa.o)
                0x000000000040b9e0                .refptr.__tens_D2A
 .rdata$.refptr.__xc_a
                0x000000000040b9f0       0x10 C:/msys64/mingw64/bin/../lib/gcc/x86_64-w64-mingw32/10.2.0/../../../../x86_64-w64-mingw32/lib/../lib/crt2.o
                0x000000000040b9f0                .refptr.__xc_a
 .rdata$.refptr.__xc_z
                0x000000000040ba00       0x10 C:/msys64/mingw64/bin/../lib/gcc/x86_64-w64-mingw32/10.2.0/../../../../x86_64-w64-mingw32/lib/../lib/crt2.o
                0x000000000040ba00                .refptr.__xc_z
 .rdata$.refptr.__xi_a
                0x000000000040ba10       0x10 C:/msys64/mingw64/bin/../lib/gcc/x86_64-w64-mingw32/10.2.0/../../../../x86_64-w64-mingw32/lib/../lib/crt2.o
                0x000000000040ba10                .refptr.__xi_a
 .rdata$.refptr.__xi_z
                0x000000000040ba20       0x10 C:/msys64/mingw64/bin/../lib/gcc/x86_64-w64-mingw32/10.2.0/../../../../x86_64-w64-mingw32/lib/../lib/crt2.o
                0x000000000040ba20                .refptr.__xi_z
 .rdata$.refptr._commode
                0x000000000040ba30       0x10 C:/msys64/mingw64/bin/../lib/gcc/x86_64-w64-mingw32/10.2.0/../../../../x86_64-w64-mingw32/lib/../lib/crt2.o
                0x000000000040ba30                .refptr._commode
 .rdata$.refptr._dowildcard
                0x000000000040ba40       0x10 C:/msys64/mingw64/bin/../lib/gcc/x86_64-w64-mingw32/10.2.0/../../../../x86_64-w64-mingw32/lib/../lib/crt2.o
                0x000000000040ba40                .refptr._dowildcard
 .rdata$.refptr._fmode
                0x000000000040ba50       0x10 C:/msys64/mingw64/bin/../lib/gcc/x86_64-w64-mingw32/10.2.0/../../../../x86_64-w64-mingw32/lib/../lib/crt2.o
                0x000000000040ba50                .refptr._fmode
 .rdata$.refptr._gnu_exception_handler
                0x000000000040ba60       0x10 C:/msys64/mingw64/bin/../lib/gcc/x86_64-w64-mingw32/10.2.0/../../../../x86_64-w64-mingw32/lib/../lib/crt2.o
                0x000000000040ba60                .refptr._gnu_exception_handler
 .rdata$.refptr._matherr
                0x000000000040ba70       0x10 C:/msys64/mingw64/bin/../lib/gcc/x86_64-w64-mingw32/10.2.0/../../../../x86_64-w64-mingw32/lib/../lib/crt2.o
                0x000000000040ba70                .refptr._matherr
 .rdata$.refptr._newmode
                0x000000000040ba80       0x10 C:/msys64/mingw64/bin/../lib/gcc/x86_64-w64-mingw32/10.2.0/../../../../x86_64-w64-mingw32/lib/../lib/crt2.o
                0x000000000040ba80                .refptr._newmode
 .rdata$.refptr.mingw_app_type
                0x000000000040ba90       0x10 C:/msys64/mingw64/bin/../lib/gcc/x86_64-w64-mingw32/10.2.0/../../../../x86_64-w64-mingw32/lib/../lib/crt2.o
                0x000000000040ba90                .refptr.mingw_app_type
 .rdata$.refptr.mingw_initcharmax
                0x000000000040baa0       0x10 C:/msys64/mingw64/bin/../lib/gcc/x86_64-w64-mingw32/10.2.0/../../../../x86_64-w64-mingw32/lib/../lib/crt2.o
                0x000000000040baa0                .refptr.mingw_initcharmax
 .rdata$.refptr.mingw_initltsdrot_force
                0x000000000040bab0       0x10 C:/msys64/mingw64/bin/../lib/gcc/x86_64-w64-mingw32/10.2.0/../../../../x86_64-w64-mingw32/lib/../lib/crt2.o
                0x000000000040bab0                .refptr.mingw_initltsdrot_force
 .rdata$.refptr.mingw_initltsdyn_force
                0x000000000040bac0       0x10 C:/msys64/mingw64/bin/../lib/gcc/x86_64-w64-mingw32/10.2.0/../../../../x86_64-w64-mingw32/lib/../lib/crt2.o
                0x000000000040bac0                .refptr.mingw_initltsdyn_force
 .rdata$.refptr.mingw_initltssuo_force
                0x000000000040bad0       0x10 C:/msys64/mingw64/bin/../lib/gcc/x86_64-w64-mingw32/10.2.0/../../../../x86_64-w64-mingw32/lib/../lib/crt2.o
                0x000000000040bad0                .refptr.mingw_initltssuo_force
 .rdata$zzz     0x000000000040bae0       0x30 C:/msys64/mingw64/bin/../lib/gcc/x86_64-w64-mingw32/10.2.0/../../../../x86_64-w64-mingw32/lib/../lib/crt2.o
 .rdata$zzz     0x000000000040bb10       0x30 C:/msys64/mingw64/bin/../lib/gcc/x86_64-w64-mingw32/10.2.0/crtbegin.o
 .rdata$zzz     0x000000000040bb40       0x30 build/course1.o
 .rdata$zzz     0x000000000040bb70       0x30 build/data.o
 .rdata$zzz     0x000000000040bba0       0x30 build/main.o
 .rdata$zzz     0x000000000040bbd0       0x30 build/memory.o
 .rdata$zzz     0x000000000040bc00       0x30 build/stats.o
 .rdata$zzz     0x000000000040bc30       0x30 C:/msys64/mingw64/bin/../lib/gcc/x86_64-w64-mingw32/10.2.0/../../../../x86_64-w64-mingw32/lib/../lib/libmingw32.a(lib64_libmingw32_a-gccmain.o)
 .rdata$zzz     0x000000000040bc60       0x30 C:/msys64/mingw64/bin/../lib/gcc/x86_64-w64-mingw32/10.2.0/../../../../x86_64-w64-mingw32/lib/../lib/libmingw32.a(lib64_libmingw32_a-natstart.o)
 .rdata$zzz     0x000000000040bc90       0x30 C:/msys64/mingw64/bin/../lib/gcc/x86_64-w64-mingw32/10.2.0/../../../../x86_64-w64-mingw32/lib/../lib/libmingw32.a(lib64_libmingw32_a-wildcard.o)
 .rdata$zzz     0x000000000040bcc0       0x30 C:/msys64/mingw64/bin/../lib/gcc/x86_64-w64-mingw32/10.2.0/../../../../x86_64-w64-mingw32/lib/../lib/libmingw32.a(lib64_libmingw32_a-charmax.o)
 .rdata$zzz     0x000000000040bcf0       0x30 C:/msys64/mingw64/bin/../lib/gcc/x86_64-w64-mingw32/10.2.0/../../../../x86_64-w64-mingw32/lib/../lib/libmingw32.a(lib64_libmingw32_a-dllargv.o)
 .rdata$zzz     0x000000000040bd20       0x30 C:/msys64/mingw64/bin/../lib/gcc/x86_64-w64-mingw32/10.2.0/../../../../x86_64-w64-mingw32/lib/../lib/libmingw32.a(lib64_libmingw32_a-_newmode.o)
 .rdata$zzz     0x000000000040bd50       0x30 C:/msys64/mingw64/bin/../lib/gcc/x86_64-w64-mingw32/10.2.0/../../../../x86_64-w64-mingw32/lib/../lib/libmingw32.a(lib64_libmingw32_a-tlssup.o)
 .rdata$zzz     0x000000000040bd80       0x30 C:/msys64/mingw64/bin/../lib/gcc/x86_64-w64-mingw32/10.2.0/../../../../x86_64-w64-mingw32/lib/../lib/libmingw32.a(lib64_libmingw32_a-xncommod.o)
 .rdata$zzz     0x000000000040bdb0       0x30 C:/msys64/mingw64/bin/../lib/gcc/x86_64-w64-mingw32/10.2.0/../../../../x86_64-w64-mingw32/lib/../lib/libmingw32.a(lib64_libmingw32_a-cinitexe.o)
 .rdata$zzz     0x000000000040bde0       0x30 C:/msys64/mingw64/bin/../lib/gcc/x86_64-w64-mingw32/10.2.0/../../../../x86_64-w64-mingw32/lib/../lib/libmingw32.a(lib64_libmingw32_a-merr.o)
 .rdata$zzz     0x000000000040be10       0x30 C:/msys64/mingw64/bin/../lib/gcc/x86_64-w64-mingw32/10.2.0/../../../../x86_64-w64-mingw32/lib/../lib/libmingw32.a(lib64_libmingw32_a-CRT_fp10.o)
 .rdata$zzz     0x000000000040be40       0x30 C:/msys64/mingw64/bin/../lib/gcc/x86_64-w64-mingw32/10.2.0/../../../../x86_64-w64-mingw32/lib/../lib/libmingw32.a(lib64_libmingw32_a-mingw_helpers.o)
 .rdata$zzz     0x000000000040be70       0x30 C:/msys64/mingw64/bin/../lib/gcc/x86_64-w64-mingw32/10.2.0/../../../../x86_64-w64-mingw32/lib/../lib/libmingw32.a(lib64_libmingw32_a-pseudo-reloc.o)
 .rdata$zzz     0x000000000040bea0       0x30 C:/msys64/mingw64/bin/../lib/gcc/x86_64-w64-mingw32/10.2.0/../../../../x86_64-w64-mingw32/lib/../lib/libmingw32.a(lib64_libmingw32_a-usermatherr.o)
 .rdata$zzz     0x000000000040bed0       0x30 C:/msys64/mingw64/bin/../lib/gcc/x86_64-w64-mingw32/10.2.0/../../../../x86_64-w64-mingw32/lib/../lib/libmingw32.a(lib64_libmingw32_a-xtxtmode.o)
 .rdata$zzz     0x000000000040bf00       0x30 C:/msys64/mingw64/bin/../lib/gcc/x86_64-w64-mingw32/10.2.0/../../../../x86_64-w64-mingw32/lib/../lib/libmingw32.a(lib64_libmingw32_a-crt_handler.o)
 .rdata$zzz     0x000000000040bf30       0x30 C:/msys64/mingw64/bin/../lib/gcc/x86_64-w64-mingw32/10.2.0/../../../../x86_64-w64-mingw32/lib/../lib/libmingw32.a(lib64_libmingw32_a-tlsthrd.o)
 .rdata$zzz     0x000000000040bf60       0x30 C:/msys64/mingw64/bin/../lib/gcc/x86_64-w64-mingw32/10.2.0/../../../../x86_64-w64-mingw32/lib/../lib/libmingw32.a(lib64_libmingw32_a-tlsmcrt.o)
 .rdata$zzz     0x000000000040bf90       0x30 C:/msys64/mingw64/bin/../lib/gcc/x86_64-w64-mingw32/10.2.0/../../../../x86_64-w64-mingw32/lib/../lib/libmingw32.a(lib64_libmingw32_a-pseudo-reloc-list.o)
 .rdata$zzz     0x000000000040bfc0       0x30 C:/msys64/mingw64/bin/../lib/gcc/x86_64-w64-mingw32/10.2.0/../../../../x86_64-w64-mingw32/lib/../lib/libmingw32.a(lib64_libmingw32_a-pesect.o)
 .rdata$zzz     0x000000000040bff0       0x30 C:/msys64/mingw64/bin/../lib/gcc/x86_64-w64-mingw32/10.2.0/libgcc.a(_ctors.o)
 .rdata$zzz     0x000000000040c020       0x30 C:/msys64/mingw64/bin/../lib/gcc/x86_64-w64-mingw32/10.2.0/../../../../x86_64-w64-mingw32/lib/../lib/libmingwex.a(lib64_libmingwex_a-mingw_matherr.o)
 .rdata$zzz     0x000000000040c050       0x30 C:/msys64/mingw64/bin/../lib/gcc/x86_64-w64-mingw32/10.2.0/../../../../x86_64-w64-mingw32/lib/../lib/libmingwex.a(lib64_libmingwex_a-mingw_vfprintf.o)
 .rdata$zzz     0x000000000040c080       0x30 C:/msys64/mingw64/bin/../lib/gcc/x86_64-w64-mingw32/10.2.0/../../../../x86_64-w64-mingw32/lib/../lib/libmingwex.a(lib64_libmingwex_a-log.o)
 .rdata$zzz     0x000000000040c0b0       0x30 C:/msys64/mingw64/bin/../lib/gcc/x86_64-w64-mingw32/10.2.0/../../../../x86_64-w64-mingw32/lib/../lib/libmingwex.a(lib64_libmingwex_a-pow.o)
 .rdata$zzz     0x000000000040c0e0       0x30 C:/msys64/mingw64/bin/../lib/gcc/x86_64-w64-mingw32/10.2.0/../../../../x86_64-w64-mingw32/lib/../lib/libmingwex.a(lib64_libmingwex_a-powi.o)
 .rdata$zzz     0x000000000040c110       0x30 C:/msys64/mingw64/bin/../lib/gcc/x86_64-w64-mingw32/10.2.0/../../../../x86_64-w64-mingw32/lib/../lib/libmingwex.a(lib64_libmingwex_a-mingw_pformat.o)
 .rdata$zzz     0x000000000040c140       0x30 C:/msys64/mingw64/bin/../lib/gcc/x86_64-w64-mingw32/10.2.0/../../../../x86_64-w64-mingw32/lib/../lib/libmingwex.a(lib64_libmingwex_a-ldexp.o)
 .rdata$zzz     0x000000000040c170       0x30 C:/msys64/mingw64/bin/../lib/gcc/x86_64-w64-mingw32/10.2.0/../../../../x86_64-w64-mingw32/lib/../lib/libmingwex.a(lib64_libmingwex_a-dmisc.o)
 .rdata$zzz     0x000000000040c1a0       0x30 C:/msys64/mingw64/bin/../lib/gcc/x86_64-w64-mingw32/10.2.0/../../../../x86_64-w64-mingw32/lib/../lib/libmingwex.a(lib64_libmingwex_a-gdtoa.o)
 .rdata$zzz     0x000000000040c1d0       0x30 C:/msys64/mingw64/bin/../lib/gcc/x86_64-w64-mingw32/10.2.0/../../../../x86_64-w64-mingw32/lib/../lib/libmingwex.a(lib64_libmingwex_a-gmisc.o)
 .rdata$zzz     0x000000000040c200       0x30 C:/msys64/mingw64/bin/../lib/gcc/x86_64-w64-mingw32/10.2.0/../../../../x86_64-w64-mingw32/lib/../lib/libmingwex.a(lib64_libmingwex_a-misc.o)
 .rdata$zzz     0x000000000040c230       0x30 C:/msys64/mingw64/bin/../lib/gcc/x86_64-w64-mingw32/10.2.0/../../../../x86_64-w64-mingw32/lib/../lib/libmingwex.a(lib64_libmingwex_a-strnlen.o)
 .rdata$zzz     0x000000000040c260       0x30 C:/msys64/mingw64/bin/../lib/gcc/x86_64-w64-mingw32/10.2.0/../../../../x86_64-w64-mingw32/lib/../lib/libmingwex.a(lib64_libmingwex_a-wcsnlen.o)
 .rdata$zzz     0x000000000040c290       0x30 C:/msys64/mingw64/bin/../lib/gcc/x86_64-w64-mingw32/10.2.0/../../../../x86_64-w64-mingw32/lib/../lib/libmsvcrt.a(lib64_libmsvcrt_os_a-mbrtowc.o)
 .rdata$zzz     0x000000000040c2c0       0x30 C:/msys64/mingw64/bin/../lib/gcc/x86_64-w64-mingw32/10.2.0/../../../../x86_64-w64-mingw32/lib/../lib/libmsvcrt.a(lib64_libmsvcrt_os_a-wcrtomb.o)
 .rdata$zzz     0x000000000040c2f0       0x30 C:/msys64/mingw64/bin/../lib/gcc/x86_64-w64-mingw32/10.2.0/../../../../x86_64-w64-mingw32/lib/../lib/libmsvcrt.a(lib64_libmsvcrt_os_a-acrt_iob_func.o)
 .rdata$zzz     0x000000000040c320       0x30 C:/msys64/mingw64/bin/../lib/gcc/x86_64-w64-mingw32/10.2.0/../../../../x86_64-w64-mingw32/lib/../lib/libmsvcrt.a(lib64_libmsvcrt_os_a-invalid_parameter_handler.o)
 .rdata$zzz     0x000000000040c350       0x30 C:/msys64/mingw64/bin/../lib/gcc/x86_64-w64-mingw32/10.2.0/../../../../x86_64-w64-mingw32/lib/../lib/libmsvcrt.a(lib64_libmsvcrt_os_a-mingw_lock.o)
 .rdata$zzz     0x000000000040c380       0x30 C:/msys64/mingw64/bin/../lib/gcc/x86_64-w64-mingw32/10.2.0/../../../../x86_64-w64-mingw32/lib/../lib/libmsvcrt.a(lib64_libmsvcrt_os_a-__p__acmdln.o)
 .rdata$zzz     0x000000000040c3b0       0x30 C:/msys64/mingw64/bin/../lib/gcc/x86_64-w64-mingw32/10.2.0/../../../../x86_64-w64-mingw32/lib/../lib/libmsvcrt.a(lib64_libmsvcrt_os_a-__p__commode.o)
 .rdata$zzz     0x000000000040c3e0       0x30 C:/msys64/mingw64/bin/../lib/gcc/x86_64-w64-mingw32/10.2.0/../../../../x86_64-w64-mingw32/lib/../lib/libmsvcrt.a(lib64_libmsvcrt_os_a-__p__fmode.o)
 .rdata$zzz     0x000000000040c410       0x30 C:/msys64/mingw64/bin/../lib/gcc/x86_64-w64-mingw32/10.2.0/crtend.o
                0x000000000040c440                . = ALIGN (0x4)
                0x000000000040c440                __rt_psrelocs_start = .
 *(.rdata_runtime_pseudo_reloc)
                0x000000000040c440                __rt_psrelocs_end = .
                0x0000000000000000                __rt_psrelocs_size = (__rt_psrelocs_end - __rt_psrelocs_start)
                0x000000000040c440                ___RUNTIME_PSEUDO_RELOC_LIST_END__ = .
                0x000000000040c440                __RUNTIME_PSEUDO_RELOC_LIST_END__ = .
                0x000000000040c440                ___RUNTIME_PSEUDO_RELOC_LIST__ = (. - __rt_psrelocs_size)
                0x000000000040c440                __RUNTIME_PSEUDO_RELOC_LIST__ = (. - __rt_psrelocs_size)

.eh_frame
 *(.eh_frame*)

.pdata          0x000000000040d000      0x800
 *(.pdata*)
 .pdata         0x000000000040d000       0x54 C:/msys64/mingw64/bin/../lib/gcc/x86_64-w64-mingw32/10.2.0/../../../../x86_64-w64-mingw32/lib/../lib/crt2.o
 .pdata         0x000000000040d054       0x18 C:/msys64/mingw64/bin/../lib/gcc/x86_64-w64-mingw32/10.2.0/crtbegin.o
 .pdata         0x000000000040d06c       0x78 build/course1.o
 .pdata         0x000000000040d0e4       0x18 build/data.o
 .pdata         0x000000000040d0fc        0xc build/main.o
 .pdata         0x000000000040d108       0x90 build/memory.o
 .pdata         0x000000000040d198       0x6c build/stats.o
 .pdata         0x000000000040d204       0x24 C:/msys64/mingw64/bin/../lib/gcc/x86_64-w64-mingw32/10.2.0/../../../../x86_64-w64-mingw32/lib/../lib/libmingw32.a(lib64_libmingw32_a-gccmain.o)
 .pdata         0x000000000040d228        0xc C:/msys64/mingw64/bin/../lib/gcc/x86_64-w64-mingw32/10.2.0/../../../../x86_64-w64-mingw32/lib/../lib/libmingw32.a(lib64_libmingw32_a-charmax.o)
 .pdata         0x000000000040d234        0xc C:/msys64/mingw64/bin/../lib/gcc/x86_64-w64-mingw32/10.2.0/../../../../x86_64-w64-mingw32/lib/../lib/libmingw32.a(lib64_libmingw32_a-dllargv.o)
 .pdata         0x000000000040d240       0x24 C:/msys64/mingw64/bin/../lib/gcc/x86_64-w64-mingw32/10.2.0/../../../../x86_64-w64-mingw32/lib/../lib/libmingw32.a(lib64_libmingw32_a-tlssup.o)
 .pdata         0x000000000040d264        0xc C:/msys64/mingw64/bin/../lib/gcc/x86_64-w64-mingw32/10.2.0/../../../../x86_64-w64-mingw32/lib/../lib/libmingw32.a(lib64_libmingw32_a-merr.o)
 .pdata         0x000000000040d270        0xc C:/msys64/mingw64/bin/../lib/gcc/x86_64-w64-mingw32/10.2.0/../../../../x86_64-w64-mingw32/lib/../lib/libmingw32.a(lib64_libmingw32_a-CRT_fp10.o)
 .pdata         0x000000000040d27c       0x24 C:/msys64/mingw64/bin/../lib/gcc/x86_64-w64-mingw32/10.2.0/../../../../x86_64-w64-mingw32/lib/../lib/libmingw32.a(lib64_libmingw32_a-pseudo-reloc.o)
 .pdata         0x000000000040d2a0       0x18 C:/msys64/mingw64/bin/../lib/gcc/x86_64-w64-mingw32/10.2.0/../../../../x86_64-w64-mingw32/lib/../lib/libmingw32.a(lib64_libmingw32_a-usermatherr.o)
 .pdata         0x000000000040d2b8        0xc C:/msys64/mingw64/bin/../lib/gcc/x86_64-w64-mingw32/10.2.0/../../../../x86_64-w64-mingw32/lib/../lib/libmingw32.a(lib64_libmingw32_a-crt_handler.o)
 .pdata         0x000000000040d2c4       0x30 C:/msys64/mingw64/bin/../lib/gcc/x86_64-w64-mingw32/10.2.0/../../../../x86_64-w64-mingw32/lib/../lib/libmingw32.a(lib64_libmingw32_a-tlsthrd.o)
 .pdata         0x000000000040d2f4       0x6c C:/msys64/mingw64/bin/../lib/gcc/x86_64-w64-mingw32/10.2.0/../../../../x86_64-w64-mingw32/lib/../lib/libmingw32.a(lib64_libmingw32_a-pesect.o)
 .pdata         0x000000000040d360        0xc C:/msys64/mingw64/bin/../lib/gcc/x86_64-w64-mingw32/10.2.0/../../../../x86_64-w64-mingw32/lib/../lib/libmingwex.a(lib64_libmingwex_a-mingw_vfprintf.o)
 .pdata         0x000000000040d36c        0xc C:/msys64/mingw64/bin/../lib/gcc/x86_64-w64-mingw32/10.2.0/../../../../x86_64-w64-mingw32/lib/../lib/libmingwex.a(lib64_libmingwex_a-floor.o)
 .pdata         0x000000000040d378        0xc C:/msys64/mingw64/bin/../lib/gcc/x86_64-w64-mingw32/10.2.0/../../../../x86_64-w64-mingw32/lib/../lib/libmingwex.a(lib64_libmingwex_a-log.o)
 .pdata         0x000000000040d384       0x18 C:/msys64/mingw64/bin/../lib/gcc/x86_64-w64-mingw32/10.2.0/../../../../x86_64-w64-mingw32/lib/../lib/libmingwex.a(lib64_libmingwex_a-pow.o)
 .pdata         0x000000000040d39c        0xc C:/msys64/mingw64/bin/../lib/gcc/x86_64-w64-mingw32/10.2.0/../../../../x86_64-w64-mingw32/lib/../lib/libmingwex.a(lib64_libmingwex_a-powi.o)
 .pdata         0x000000000040d3a8       0xc0 C:/msys64/mingw64/bin/../lib/gcc/x86_64-w64-mingw32/10.2.0/../../../../x86_64-w64-mingw32/lib/../lib/libmingwex.a(lib64_libmingwex_a-mingw_pformat.o)
 .pdata         0x000000000040d468        0xc C:/msys64/mingw64/bin/../lib/gcc/x86_64-w64-mingw32/10.2.0/../../../../x86_64-w64-mingw32/lib/../lib/libmingwex.a(lib64_libmingwex_a-ldexp.o)
 .pdata         0x000000000040d474       0x30 C:/msys64/mingw64/bin/../lib/gcc/x86_64-w64-mingw32/10.2.0/../../../../x86_64-w64-mingw32/lib/../lib/libmingwex.a(lib64_libmingwex_a-dmisc.o)
 .pdata         0x000000000040d4a4        0xc C:/msys64/mingw64/bin/../lib/gcc/x86_64-w64-mingw32/10.2.0/../../../../x86_64-w64-mingw32/lib/../lib/libmingwex.a(lib64_libmingwex_a-gdtoa.o)
 .pdata         0x000000000040d4b0       0x18 C:/msys64/mingw64/bin/../lib/gcc/x86_64-w64-mingw32/10.2.0/../../../../x86_64-w64-mingw32/lib/../lib/libmingwex.a(lib64_libmingwex_a-gmisc.o)
 .pdata         0x000000000040d4c8       0xa8 C:/msys64/mingw64/bin/../lib/gcc/x86_64-w64-mingw32/10.2.0/../../../../x86_64-w64-mingw32/lib/../lib/libmingwex.a(lib64_libmingwex_a-misc.o)
 .pdata         0x000000000040d570        0xc C:/msys64/mingw64/bin/../lib/gcc/x86_64-w64-mingw32/10.2.0/../../../../x86_64-w64-mingw32/lib/../lib/libmingwex.a(lib64_libmingwex_a-strnlen.o)
 .pdata         0x000000000040d57c        0xc C:/msys64/mingw64/bin/../lib/gcc/x86_64-w64-mingw32/10.2.0/../../../../x86_64-w64-mingw32/lib/../lib/libmingwex.a(lib64_libmingwex_a-wcsnlen.o)
 .pdata         0x000000000040d588       0x30 C:/msys64/mingw64/bin/../lib/gcc/x86_64-w64-mingw32/10.2.0/../../../../x86_64-w64-mingw32/lib/../lib/libmsvcrt.a(lib64_libmsvcrt_os_a-mbrtowc.o)
 .pdata         0x000000000040d5b8       0x24 C:/msys64/mingw64/bin/../lib/gcc/x86_64-w64-mingw32/10.2.0/../../../../x86_64-w64-mingw32/lib/../lib/libmsvcrt.a(lib64_libmsvcrt_os_a-wcrtomb.o)
 .pdata         0x000000000040d5dc        0xc C:/msys64/mingw64/bin/../lib/gcc/x86_64-w64-mingw32/10.2.0/../../../../x86_64-w64-mingw32/lib/../lib/libmsvcrt.a(lib64_libmsvcrt_os_a-acrt_iob_func.o)
 .pdata         0x000000000040d5e8       0x18 C:/msys64/mingw64/bin/../lib/gcc/x86_64-w64-mingw32/10.2.0/../../../../x86_64-w64-mingw32/lib/../lib/libmsvcrt.a(lib64_libmsvcrt_os_a-invalid_parameter_handler.o)
 .pdata         0x000000000040d600       0x18 C:/msys64/mingw64/bin/../lib/gcc/x86_64-w64-mingw32/10.2.0/../../../../x86_64-w64-mingw32/lib/../lib/libmsvcrt.a(lib64_libmsvcrt_os_a-mingw_lock.o)
 .pdata         0x000000000040d618        0xc C:/msys64/mingw64/bin/../lib/gcc/x86_64-w64-mingw32/10.2.0/../../../../x86_64-w64-mingw32/lib/../lib/libmsvcrt.a(lib64_libmsvcrt_os_a-__p__acmdln.o)
 .pdata         0x000000000040d624        0xc C:/msys64/mingw64/bin/../lib/gcc/x86_64-w64-mingw32/10.2.0/../../../../x86_64-w64-mingw32/lib/../lib/libmsvcrt.a(lib64_libmsvcrt_os_a-__p__commode.o)
 .pdata         0x000000000040d630        0xc C:/msys64/mingw64/bin/../lib/gcc/x86_64-w64-mingw32/10.2.0/../../../../x86_64-w64-mingw32/lib/../lib/libmsvcrt.a(lib64_libmsvcrt_os_a-__p__fmode.o)
 .pdata.startup
                0x000000000040d63c        0xc C:/msys64/mingw64/bin/../lib/gcc/x86_64-w64-mingw32/10.2.0/crtend.o

.xdata          0x000000000040e000      0x600
 *(.xdata*)
 .xdata         0x000000000040e000       0x70 C:/msys64/mingw64/bin/../lib/gcc/x86_64-w64-mingw32/10.2.0/../../../../x86_64-w64-mingw32/lib/../lib/crt2.o
 .xdata         0x000000000040e070        0x8 C:/msys64/mingw64/bin/../lib/gcc/x86_64-w64-mingw32/10.2.0/crtbegin.o
 .xdata         0x000000000040e078       0x78 build/course1.o
 .xdata         0x000000000040e0f0       0x18 build/data.o
 .xdata         0x000000000040e108        0xc build/main.o
 .xdata         0x000000000040e114       0x90 build/memory.o
 .xdata         0x000000000040e1a4       0x60 build/stats.o
 .xdata         0x000000000040e204       0x18 C:/msys64/mingw64/bin/../lib/gcc/x86_64-w64-mingw32/10.2.0/../../../../x86_64-w64-mingw32/lib/../lib/libmingw32.a(lib64_libmingw32_a-gccmain.o)
 .xdata         0x000000000040e21c        0x4 C:/msys64/mingw64/bin/../lib/gcc/x86_64-w64-mingw32/10.2.0/../../../../x86_64-w64-mingw32/lib/../lib/libmingw32.a(lib64_libmingw32_a-charmax.o)
 .xdata         0x000000000040e220        0x4 C:/msys64/mingw64/bin/../lib/gcc/x86_64-w64-mingw32/10.2.0/../../../../x86_64-w64-mingw32/lib/../lib/libmingw32.a(lib64_libmingw32_a-dllargv.o)
 .xdata         0x000000000040e224       0x18 C:/msys64/mingw64/bin/../lib/gcc/x86_64-w64-mingw32/10.2.0/../../../../x86_64-w64-mingw32/lib/../lib/libmingw32.a(lib64_libmingw32_a-tlssup.o)
 .xdata         0x000000000040e23c       0x18 C:/msys64/mingw64/bin/../lib/gcc/x86_64-w64-mingw32/10.2.0/../../../../x86_64-w64-mingw32/lib/../lib/libmingw32.a(lib64_libmingw32_a-merr.o)
 .xdata         0x000000000040e254        0x4 C:/msys64/mingw64/bin/../lib/gcc/x86_64-w64-mingw32/10.2.0/../../../../x86_64-w64-mingw32/lib/../lib/libmingw32.a(lib64_libmingw32_a-CRT_fp10.o)
 .xdata         0x000000000040e258       0x30 C:/msys64/mingw64/bin/../lib/gcc/x86_64-w64-mingw32/10.2.0/../../../../x86_64-w64-mingw32/lib/../lib/libmingw32.a(lib64_libmingw32_a-pseudo-reloc.o)
 .xdata         0x000000000040e288        0xc C:/msys64/mingw64/bin/../lib/gcc/x86_64-w64-mingw32/10.2.0/../../../../x86_64-w64-mingw32/lib/../lib/libmingw32.a(lib64_libmingw32_a-usermatherr.o)
 .xdata         0x000000000040e294        0x8 C:/msys64/mingw64/bin/../lib/gcc/x86_64-w64-mingw32/10.2.0/../../../../x86_64-w64-mingw32/lib/../lib/libmingw32.a(lib64_libmingw32_a-crt_handler.o)
 .xdata         0x000000000040e29c       0x2c C:/msys64/mingw64/bin/../lib/gcc/x86_64-w64-mingw32/10.2.0/../../../../x86_64-w64-mingw32/lib/../lib/libmingw32.a(lib64_libmingw32_a-tlsthrd.o)
 .xdata         0x000000000040e2c8       0x2c C:/msys64/mingw64/bin/../lib/gcc/x86_64-w64-mingw32/10.2.0/../../../../x86_64-w64-mingw32/lib/../lib/libmingw32.a(lib64_libmingw32_a-pesect.o)
 .xdata         0x000000000040e2f4        0xc C:/msys64/mingw64/bin/../lib/gcc/x86_64-w64-mingw32/10.2.0/../../../../x86_64-w64-mingw32/lib/../lib/libmingwex.a(lib64_libmingwex_a-mingw_vfprintf.o)
 .xdata         0x000000000040e300        0x8 C:/msys64/mingw64/bin/../lib/gcc/x86_64-w64-mingw32/10.2.0/../../../../x86_64-w64-mingw32/lib/../lib/libmingwex.a(lib64_libmingwex_a-floor.o)
 .xdata         0x000000000040e308        0xc C:/msys64/mingw64/bin/../lib/gcc/x86_64-w64-mingw32/10.2.0/../../../../x86_64-w64-mingw32/lib/../lib/libmingwex.a(lib64_libmingwex_a-log.o)
 .xdata         0x000000000040e314       0x24 C:/msys64/mingw64/bin/../lib/gcc/x86_64-w64-mingw32/10.2.0/../../../../x86_64-w64-mingw32/lib/../lib/libmingwex.a(lib64_libmingwex_a-pow.o)
 .xdata         0x000000000040e338        0xc C:/msys64/mingw64/bin/../lib/gcc/x86_64-w64-mingw32/10.2.0/../../../../x86_64-w64-mingw32/lib/../lib/libmingwex.a(lib64_libmingwex_a-powi.o)
 .xdata         0x000000000040e344       0xf4 C:/msys64/mingw64/bin/../lib/gcc/x86_64-w64-mingw32/10.2.0/../../../../x86_64-w64-mingw32/lib/../lib/libmingwex.a(lib64_libmingwex_a-mingw_pformat.o)
 .xdata         0x000000000040e438        0x8 C:/msys64/mingw64/bin/../lib/gcc/x86_64-w64-mingw32/10.2.0/../../../../x86_64-w64-mingw32/lib/../lib/libmingwex.a(lib64_libmingwex_a-ldexp.o)
 .xdata         0x000000000040e440       0x30 C:/msys64/mingw64/bin/../lib/gcc/x86_64-w64-mingw32/10.2.0/../../../../x86_64-w64-mingw32/lib/../lib/libmingwex.a(lib64_libmingwex_a-dmisc.o)
 .xdata         0x000000000040e470       0x1c C:/msys64/mingw64/bin/../lib/gcc/x86_64-w64-mingw32/10.2.0/../../../../x86_64-w64-mingw32/lib/../lib/libmingwex.a(lib64_libmingwex_a-gdtoa.o)
 .xdata         0x000000000040e48c       0x14 C:/msys64/mingw64/bin/../lib/gcc/x86_64-w64-mingw32/10.2.0/../../../../x86_64-w64-mingw32/lib/../lib/libmingwex.a(lib64_libmingwex_a-gmisc.o)
 .xdata         0x000000000040e4a0       0xac C:/msys64/mingw64/bin/../lib/gcc/x86_64-w64-mingw32/10.2.0/../../../../x86_64-w64-mingw32/lib/../lib/libmingwex.a(lib64_libmingwex_a-misc.o)
 .xdata         0x000000000040e54c        0x4 C:/msys64/mingw64/bin/../lib/gcc/x86_64-w64-mingw32/10.2.0/../../../../x86_64-w64-mingw32/lib/../lib/libmingwex.a(lib64_libmingwex_a-strnlen.o)
 .xdata         0x000000000040e550        0x4 C:/msys64/mingw64/bin/../lib/gcc/x86_64-w64-mingw32/10.2.0/../../../../x86_64-w64-mingw32/lib/../lib/libmingwex.a(lib64_libmingwex_a-wcsnlen.o)
 .xdata         0x000000000040e554       0x40 C:/msys64/mingw64/bin/../lib/gcc/x86_64-w64-mingw32/10.2.0/../../../../x86_64-w64-mingw32/lib/../lib/libmsvcrt.a(lib64_libmsvcrt_os_a-mbrtowc.o)
 .xdata         0x000000000040e594       0x28 C:/msys64/mingw64/bin/../lib/gcc/x86_64-w64-mingw32/10.2.0/../../../../x86_64-w64-mingw32/lib/../lib/libmsvcrt.a(lib64_libmsvcrt_os_a-wcrtomb.o)
 .xdata         0x000000000040e5bc        0x8 C:/msys64/mingw64/bin/../lib/gcc/x86_64-w64-mingw32/10.2.0/../../../../x86_64-w64-mingw32/lib/../lib/libmsvcrt.a(lib64_libmsvcrt_os_a-acrt_iob_func.o)
 .xdata         0x000000000040e5c4        0x8 C:/msys64/mingw64/bin/../lib/gcc/x86_64-w64-mingw32/10.2.0/../../../../x86_64-w64-mingw32/lib/../lib/libmsvcrt.a(lib64_libmsvcrt_os_a-invalid_parameter_handler.o)
 .xdata         0x000000000040e5cc       0x10 C:/msys64/mingw64/bin/../lib/gcc/x86_64-w64-mingw32/10.2.0/../../../../x86_64-w64-mingw32/lib/../lib/libmsvcrt.a(lib64_libmsvcrt_os_a-mingw_lock.o)
 .xdata         0x000000000040e5dc        0x4 C:/msys64/mingw64/bin/../lib/gcc/x86_64-w64-mingw32/10.2.0/../../../../x86_64-w64-mingw32/lib/../lib/libmsvcrt.a(lib64_libmsvcrt_os_a-__p__acmdln.o)
 .xdata         0x000000000040e5e0        0x4 C:/msys64/mingw64/bin/../lib/gcc/x86_64-w64-mingw32/10.2.0/../../../../x86_64-w64-mingw32/lib/../lib/libmsvcrt.a(lib64_libmsvcrt_os_a-__p__commode.o)
 .xdata         0x000000000040e5e4        0x4 C:/msys64/mingw64/bin/../lib/gcc/x86_64-w64-mingw32/10.2.0/../../../../x86_64-w64-mingw32/lib/../lib/libmsvcrt.a(lib64_libmsvcrt_os_a-__p__fmode.o)
 .xdata.startup
                0x000000000040e5e8        0x4 C:/msys64/mingw64/bin/../lib/gcc/x86_64-w64-mingw32/10.2.0/crtend.o

.bss            0x000000000040f000     0x33a0
                0x000000000040f000                __bss_start__ = .
 *(.bss)
 .bss           0x000000000040f000       0x40 C:/msys64/mingw64/bin/../lib/gcc/x86_64-w64-mingw32/10.2.0/../../../../x86_64-w64-mingw32/lib/../lib/crt2.o
                0x000000000040f000                __mingw_module_is_dll
                0x000000000040f008                __mingw_winmain_lpCmdLine
                0x000000000040f010                __mingw_winmain_hInstance
 .bss           0x000000000040f040        0x0 C:/msys64/mingw64/bin/../lib/gcc/x86_64-w64-mingw32/10.2.0/crtbegin.o
 .bss           0x000000000040f040        0x0 build/course1.o
 .bss           0x000000000040f040        0x0 build/data.o
 .bss           0x000000000040f040        0x0 build/main.o
 .bss           0x000000000040f040     0x2800 build/memory.o
                0x000000000040f040                m_stack
 .bss           0x0000000000411840        0x0 build/stats.o
 .bss           0x0000000000411840       0x10 C:/msys64/mingw64/bin/../lib/gcc/x86_64-w64-mingw32/10.2.0/../../../../x86_64-w64-mingw32/lib/../lib/libmingw32.a(lib64_libmingw32_a-gccmain.o)
 .bss           0x0000000000411850       0x10 C:/msys64/mingw64/bin/../lib/gcc/x86_64-w64-mingw32/10.2.0/../../../../x86_64-w64-mingw32/lib/../lib/libmingw32.a(lib64_libmingw32_a-natstart.o)
                0x0000000000411850                __native_startup_lock
                0x0000000000411858                __native_startup_state
 .bss           0x0000000000411860        0x0 C:/msys64/mingw64/bin/../lib/gcc/x86_64-w64-mingw32/10.2.0/../../../../x86_64-w64-mingw32/lib/../lib/libmingw32.a(lib64_libmingw32_a-wildcard.o)
 .bss           0x0000000000411860       0x10 C:/msys64/mingw64/bin/../lib/gcc/x86_64-w64-mingw32/10.2.0/../../../../x86_64-w64-mingw32/lib/../lib/libmingw32.a(lib64_libmingw32_a-charmax.o)
                0x0000000000411860                mingw_initcharmax
 .bss           0x0000000000411870        0x0 C:/msys64/mingw64/bin/../lib/gcc/x86_64-w64-mingw32/10.2.0/../../../../x86_64-w64-mingw32/lib/../lib/libmingw32.a(lib64_libmingw32_a-dllargv.o)
 .bss           0x0000000000411870       0x10 C:/msys64/mingw64/bin/../lib/gcc/x86_64-w64-mingw32/10.2.0/../../../../x86_64-w64-mingw32/lib/../lib/libmingw32.a(lib64_libmingw32_a-_newmode.o)
                0x0000000000411870                _newmode
 .bss           0x0000000000411880       0x10 C:/msys64/mingw64/bin/../lib/gcc/x86_64-w64-mingw32/10.2.0/../../../../x86_64-w64-mingw32/lib/../lib/libmingw32.a(lib64_libmingw32_a-tlssup.o)
                0x0000000000411880                mingw_initltssuo_force
                0x0000000000411884                mingw_initltsdyn_force
                0x0000000000411888                mingw_initltsdrot_force
                0x000000000041188c                _tls_index
 .bss           0x0000000000411890       0x10 C:/msys64/mingw64/bin/../lib/gcc/x86_64-w64-mingw32/10.2.0/../../../../x86_64-w64-mingw32/lib/../lib/libmingw32.a(lib64_libmingw32_a-xncommod.o)
                0x0000000000411890                _commode
 .bss           0x00000000004118a0        0x0 C:/msys64/mingw64/bin/../lib/gcc/x86_64-w64-mingw32/10.2.0/../../../../x86_64-w64-mingw32/lib/../lib/libmingw32.a(lib64_libmingw32_a-cinitexe.o)
 .bss           0x00000000004118a0        0x0 C:/msys64/mingw64/bin/../lib/gcc/x86_64-w64-mingw32/10.2.0/../../../../x86_64-w64-mingw32/lib/../lib/libmingw32.a(lib64_libmingw32_a-merr.o)
 .bss           0x00000000004118a0        0x0 C:/msys64/mingw64/bin/../lib/gcc/x86_64-w64-mingw32/10.2.0/../../../../x86_64-w64-mingw32/lib/../lib/libmingw32.a(lib64_libmingw32_a-CRT_fp10.o)
 .bss           0x00000000004118a0       0x10 C:/msys64/mingw64/bin/../lib/gcc/x86_64-w64-mingw32/10.2.0/../../../../x86_64-w64-mingw32/lib/../lib/libmingw32.a(lib64_libmingw32_a-mingw_helpers.o)
                0x00000000004118a0                mingw_app_type
 .bss           0x00000000004118b0       0x10 C:/msys64/mingw64/bin/../lib/gcc/x86_64-w64-mingw32/10.2.0/../../../../x86_64-w64-mingw32/lib/../lib/libmingw32.a(lib64_libmingw32_a-pseudo-reloc.o)
 .bss           0x00000000004118c0       0x10 C:/msys64/mingw64/bin/../lib/gcc/x86_64-w64-mingw32/10.2.0/../../../../x86_64-w64-mingw32/lib/../lib/libmingw32.a(lib64_libmingw32_a-usermatherr.o)
 .bss           0x00000000004118d0       0x10 C:/msys64/mingw64/bin/../lib/gcc/x86_64-w64-mingw32/10.2.0/../../../../x86_64-w64-mingw32/lib/../lib/libmingw32.a(lib64_libmingw32_a-xtxtmode.o)
                0x00000000004118d0                _fmode
 .bss           0x00000000004118e0       0x10 C:/msys64/mingw64/bin/../lib/gcc/x86_64-w64-mingw32/10.2.0/../../../../x86_64-w64-mingw32/lib/../lib/libmingw32.a(lib64_libmingw32_a-crt_handler.o)